Jan 10 00:17:44 vyos systemd[1]: serial-getty@ttyS0.service: Deactivated successfully.
Jan 10 00:17:44 vyos systemd[1]: serial-getty@ttyS0.service: Scheduled restart job, restart counter is at 1906.
Jan 10 00:17:44 vyos systemd[1]: Stopped serial-getty@ttyS0.service - Serial Getty on ttyS0.
Jan 10 00:17:44 vyos systemd[1]: Started serial-getty@ttyS0.service - Serial Getty on ttyS0.
Jan 10 00:17:44 vyos agetty[14488]: /dev/ttyS0: not a tty
Jan 10 00:17:47 vyos systemd-logind[1156]: The system will power off now!
Jan 10 00:17:47 vyos systemd-logind[1156]: System is powering down.
Jan 10 00:17:47 vyos systemd[1]: network.target: Found ordering cycle on chrony.service/stop
Jan 10 00:17:47 vyos systemd[1]: network.target: Found dependency on time-sync.target/stop
Jan 10 00:17:47 vyos systemd[1]: network.target: Found dependency on vyos-router.service/stop
Jan 10 00:17:47 vyos systemd[1]: network.target: Found dependency on frr.service/stop
Jan 10 00:17:47 vyos systemd[1]: network.target: Found dependency on network.target/stop
Jan 10 00:17:47 vyos systemd[1]: network.target: Job chrony.service/stop deleted to break ordering cycle starting with network.target/stop
Jan 10 00:17:48 vyos systemd[1]: Stopping session-5.scope - Session 5 of User vyos...
Jan 10 00:17:48 vyos systemd[1]: Removed slice system-modprobe.slice - Slice /system/modprobe.
Jan 10 00:17:48 vyos systemd[1]: Stopped target boot-complete.target - Boot Completion Check.
Jan 10 00:17:48 vyos systemd[1]: Stopped target cryptsetup.target - Local Encrypted Volumes.
Jan 10 00:17:48 vyos systemd[1]: Stopped target graphical.target - Graphical Interface.
Jan 10 00:17:48 vyos systemd[1]: Stopped target integritysetup.target - Local Integrity Protected Volumes.
Jan 10 00:17:48 vyos systemd[1]: Stopped target timers.target - Timer Units.
Jan 10 00:17:48 vyos systemd[1]: e2scrub_all.timer: Deactivated successfully.
Jan 10 00:17:48 vyos systemd[1]: Stopped e2scrub_all.timer - Periodic ext4 Online Metadata Check for All Filesystems.
Jan 10 00:17:48 vyos systemd[1]: fstrim.timer: Deactivated successfully.
Jan 10 00:17:48 vyos systemd[1]: Stopped fstrim.timer - Discard unused blocks once a week.
Jan 10 00:17:48 vyos systemd[1]: logrotate.timer: Deactivated successfully.
Jan 10 00:17:48 vyos systemd[1]: Stopped logrotate.timer - Daily rotation of log files.
Jan 10 00:17:48 vyos systemd[1]: systemd-tmpfiles-clean.timer: Deactivated successfully.
Jan 10 00:17:48 vyos systemd[1]: Stopped systemd-tmpfiles-clean.timer - Daily Cleanup of Temporary Directories.
Jan 10 00:17:48 vyos systemd[1]: Stopped target veritysetup.target - Local Verity Protected Volumes.
Jan 10 00:17:48 vyos systemd[1]: Stopped target vyos.target - VyOS target.
Jan 10 00:17:48 vyos systemd[1]: Stopped target multi-user.target - Multi-User System.
Jan 10 00:17:48 vyos systemd[1]: Stopped target getty.target - Login Prompts.
Jan 10 00:17:48 vyos systemd[1]: Stopped target stunnel.target - TLS tunnels for network services - per-config-file target.
Jan 10 00:17:48 vyos systemd[1]: Stopping acpid.service - ACPI event daemon...
Jan 10 00:17:48 vyos systemd[1]: Stopping atd.service - Deferred execution scheduler...
Jan 10 00:17:48 vyos systemd[1]: Stopping atop.service - Atop advanced performance monitor...
Jan 10 00:17:48 vyos systemd[1]: Stopping cron.service - Regular background program processing daemon...
Jan 10 00:17:48 vyos systemd[1]: Stopping dhclient@eth0.service - DHCP client on eth0...
Jan 10 00:17:48 vyos acpid: exiting
Jan 10 00:17:48 vyos dhclient[14495]: Killed old client process
Jan 10 00:17:48 vyos dhclient[14495]: Killed old client process
Jan 10 00:17:48 vyos systemd[1]: Stopping getty@tty1.service - Getty on tty1...
Jan 10 00:17:48 vyos systemd[1]: Stopping netplug.service - LSB: Brings up/down network automatically...
Jan 10 00:17:48 vyos systemd[1]: Stopping rsyslog.service - System Logging Service...
Jan 25 14:38:05 vyos systemd[1]: Mounted dev-hugepages.mount - Huge Pages File System.
Jan 25 14:38:05 vyos systemd-modules-load[697]: Inserted module 'br_netfilter'
Jan 25 14:38:05 vyos systemd-modules-load[697]: Module 'mpls_gso' is built in
Jan 25 14:38:05 vyos systemd[1]: Mounted dev-mqueue.mount - POSIX Message Queue File System.
Jan 25 14:38:05 vyos systemd-modules-load[697]: Inserted module 'mpls_iptunnel'
Jan 25 14:38:05 vyos systemd[1]: Mounted sys-kernel-debug.mount - Kernel Debug File System.
Jan 25 14:38:05 vyos systemd[1]: Mounted sys-kernel-tracing.mount - Kernel Trace File System.
Jan 25 14:38:05 vyos systemd[1]: Finished kmod-static-nodes.service - Create List of Static Device Nodes.
Jan 25 14:38:05 vyos systemd[1]: modprobe@configfs.service: Deactivated successfully.
Jan 25 14:38:05 vyos systemd[1]: Finished modprobe@configfs.service - Load Kernel Module configfs.
Jan 25 14:38:05 vyos systemd[1]: modprobe@dm_mod.service: Deactivated successfully.
Jan 25 14:38:05 vyos systemd[1]: Finished modprobe@dm_mod.service - Load Kernel Module dm_mod.
Jan 25 14:38:05 vyos systemd[1]: modprobe@drm.service: Deactivated successfully.
Jan 25 14:38:05 vyos systemd[1]: Finished modprobe@drm.service - Load Kernel Module drm.
Jan 25 14:38:05 vyos systemd[1]: modprobe@efi_pstore.service: Deactivated successfully.
Jan 25 14:38:05 vyos systemd[1]: Finished modprobe@efi_pstore.service - Load Kernel Module efi_pstore.
Jan 25 14:38:05 vyos systemd[1]: modprobe@fuse.service: Deactivated successfully.
Jan 25 14:38:05 vyos systemd[1]: Finished modprobe@fuse.service - Load Kernel Module fuse.
Jan 25 14:38:05 vyos systemd[1]: modprobe@loop.service: Deactivated successfully.
Jan 25 14:38:05 vyos systemd[1]: Finished modprobe@loop.service - Load Kernel Module loop.
Jan 25 14:38:05 vyos systemd[1]: Finished systemd-modules-load.service - Load Kernel Modules.
Jan 25 14:38:05 vyos systemd[1]: Finished systemd-remount-fs.service - Remount Root and Kernel File Systems.
Jan 25 14:38:05 vyos systemd[1]: Finished systemd-udev-trigger.service - Coldplug All udev Devices.
Jan 25 14:38:05 vyos systemd[1]: Mounting sys-fs-fuse-connections.mount - FUSE Control File System...
Jan 25 14:38:05 vyos systemd[1]: Mounting sys-kernel-config.mount - Kernel Configuration File System...
Jan 25 14:38:05 vyos systemd[1]: systemd-firstboot.service - First Boot Wizard was skipped because of an unmet condition check (ConditionFirstBoot=yes).
Jan 25 14:38:05 vyos systemd[1]: Starting systemd-journal-flush.service - Flush Journal to Persistent Storage...
Jan 25 14:38:05 vyos systemd[1]: systemd-pstore.service - Platform Persistent Storage Archival was skipped because of an unmet condition check (ConditionDirectoryNotEmpty=/sys/fs/pstore).
Jan 25 14:38:05 vyos systemd[1]: Starting systemd-random-seed.service - Load/Save Random Seed...
Jan 25 14:38:05 vyos systemd[1]: systemd-repart.service - Repartition Root Disk was skipped because no trigger condition checks were met.
Jan 25 14:38:05 vyos systemd[1]: Starting systemd-sysctl.service - Apply Kernel Variables...
Jan 25 14:38:05 vyos systemd[1]: Starting systemd-sysusers.service - Create System Users...
Jan 25 14:38:05 vyos systemd[1]: Started vyos-configd.service - VyOS configuration daemon.
Jan 25 14:38:05 vyos systemd[1]: Started vyos-hostsd.service - VyOS DNS configuration keeper.
Jan 25 14:38:05 vyos systemd[1]: Mounted sys-fs-fuse-connections.mount - FUSE Control File System.
Jan 25 14:38:05 vyos systemd[1]: Mounted sys-kernel-config.mount - Kernel Configuration File System.
Jan 25 14:38:05 vyos systemd[1]: Finished systemd-random-seed.service - Load/Save Random Seed.
Jan 25 14:38:05 vyos systemd[1]: first-boot-complete.target - First Boot Complete was skipped because of an unmet condition check (ConditionFirstBoot=yes).
Jan 25 14:38:05 vyos systemd[1]: Finished systemd-sysusers.service - Create System Users.
Jan 25 14:38:05 vyos systemd[1]: Starting systemd-tmpfiles-setup-dev.service - Create Static Device Nodes in /dev...
Jan 25 14:38:05 vyos systemd[1]: Finished systemd-sysctl.service - Apply Kernel Variables.
Jan 25 14:38:05 vyos systemd[1]: Finished systemd-tmpfiles-setup-dev.service - Create Static Device Nodes in /dev.
Jan 25 14:38:05 vyos systemd[1]: Reached target local-fs-pre.target - Preparation for Local File Systems.
Jan 25 14:38:05 vyos systemd[1]: Mounting tmp.mount - /tmp...
Jan 25 14:38:05 vyos systemd[1]: Mounting var-tmp.mount - /var/tmp...
Jan 25 14:38:05 vyos systemd[1]: Starting systemd-udevd.service - Rule-based Manager for Device Events and Files...
Jan 25 14:38:05 vyos systemd[1]: Mounted tmp.mount - /tmp.
Jan 25 14:38:05 vyos systemd[1]: Finished systemd-journal-flush.service - Flush Journal to Persistent Storage.
Jan 25 14:38:05 vyos systemd[1]: Mounted var-tmp.mount - /var/tmp.
Jan 25 14:38:05 vyos systemd[1]: Reached target local-fs.target - Local File Systems.
Jan 25 14:38:05 vyos systemd[1]: console-setup.service - Set console font and keymap was skipped because of an unmet condition check (ConditionPathExists=/bin/setupcon).
Jan 25 14:38:05 vyos systemd[1]: mdadm-shutdown.service - Prepare mdadm shutdown initramfs was skipped because of an unmet condition check (ConditionFileIsExecutable=/usr/bin/dracut).
Jan 25 14:38:05 vyos systemd[1]: Starting systemd-binfmt.service - Set Up Additional Binary Formats...
Jan 25 14:38:05 vyos systemd-udevd[719]: Using default interface naming scheme 'v252'.
Jan 25 14:38:05 vyos systemd[1]: systemd-machine-id-commit.service - Commit a transient machine-id on disk was skipped because of an unmet condition check (ConditionPathIsMountPoint=/etc/machine-id).
Jan 25 14:38:05 vyos systemd[1]: Starting systemd-tmpfiles-setup.service - Create Volatile Files and Directories...
Jan 25 14:38:05 vyos systemd[1]: proc-sys-fs-binfmt_misc.automount: Got automount request for /proc/sys/fs/binfmt_misc, triggered by 720 (systemd-binfmt)
Jan 25 14:38:05 vyos systemd[1]: Mounting proc-sys-fs-binfmt_misc.mount - Arbitrary Executable File Formats File System...
Jan 25 14:38:05 vyos systemd[1]: Finished systemd-tmpfiles-setup.service - Create Volatile Files and Directories.
Jan 25 14:38:05 vyos systemd[1]: Started systemd-udevd.service - Rule-based Manager for Device Events and Files.
Jan 25 14:38:05 vyos systemd[1]: Starting auditd.service - Security Auditing Service...
Jan 25 14:38:05 vyos systemd[1]: Started haveged.service - Entropy Daemon based on the HAVEGE algorithm.
Jan 25 14:38:05 vyos systemd[1]: Starting live-config.service - live-config contains the components that configure a live system during the boot process (late userspace)....
Jan 25 14:38:05 vyos systemd[1]: vgauth.service - Authentication service for virtual machines hosted on VMware was skipped because of an unmet condition check (ConditionVirtualization=vmware).
Jan 25 14:38:05 vyos systemd[1]: open-vm-tools.service - Service for virtual machines hosted on VMware was skipped because of an unmet condition check (ConditionVirtualization=vmware).
Jan 25 14:38:05 vyos systemd[1]: Mounted proc-sys-fs-binfmt_misc.mount - Arbitrary Executable File Formats File System.
Jan 25 14:38:05 vyos systemd[1]: Finished systemd-binfmt.service - Set Up Additional Binary Formats.
Jan 25 14:38:05 vyos haveged[736]: haveged: command socket is listening at fd 3
Jan 25 14:38:05 vyos (udev-worker)[728]: vtcon0: Process '/etc/console-setup/cached_setup_font.sh' failed with exit code 1.
Jan 25 14:38:05 vyos auditd[768]: No plugins found, not dispatching events
Jan 25 14:38:05 vyos auditd[768]: Init complete, auditd 3.0.9 listening for events (startup state enable)
Jan 25 14:38:05 vyos haveged[736]: haveged: ver: 1.9.14; arch: x86; vend: GenuineIntel; build: (gcc 12.2.0 ITV); collect: 128K
Jan 25 14:38:05 vyos haveged[736]: haveged: cpu: (L4 VC); data: 32K (L4 V); inst: 64K (L4 V); idx: 39/40; sz: 53875/53875
Jan 25 14:38:05 vyos haveged[736]: haveged: tot tests(BA8): A:1/1 B:1/1 continuous tests(B):  last entropy estimate 8.00171
Jan 25 14:38:05 vyos haveged[736]: haveged: fills: 0, generated: 0
Jan 25 14:38:05 vyos augenrules[771]: /sbin/augenrules: No change
Jan 25 14:38:05 vyos augenrules[797]: No rules
Jan 25 14:38:05 vyos augenrules[797]: enabled 1
Jan 25 14:38:05 vyos augenrules[797]: failure 1
Jan 25 14:38:05 vyos augenrules[797]: pid 768
Jan 25 14:38:05 vyos augenrules[797]: rate_limit 0
Jan 25 14:38:05 vyos augenrules[797]: backlog_limit 8192
Jan 25 14:38:05 vyos augenrules[797]: lost 0
Jan 25 14:38:05 vyos augenrules[797]: backlog 4
Jan 25 14:38:05 vyos augenrules[797]: backlog_wait_time 60000
Jan 25 14:38:05 vyos augenrules[797]: backlog_wait_time_actual 0
Jan 25 14:38:05 vyos augenrules[797]: enabled 1
Jan 25 14:38:05 vyos augenrules[797]: failure 1
Jan 25 14:38:05 vyos augenrules[797]: pid 768
Jan 25 14:38:05 vyos augenrules[797]: rate_limit 0
Jan 25 14:38:05 vyos augenrules[797]: backlog_limit 8192
Jan 25 14:38:05 vyos augenrules[797]: lost 0
Jan 25 14:38:05 vyos augenrules[797]: backlog 4
Jan 25 14:38:05 vyos augenrules[797]: backlog_wait_time 60000
Jan 25 14:38:05 vyos augenrules[797]: backlog_wait_time_actual 0
Jan 25 14:38:05 vyos augenrules[797]: enabled 1
Jan 25 14:38:05 vyos augenrules[797]: failure 1
Jan 25 14:38:05 vyos augenrules[797]: pid 768
Jan 25 14:38:05 vyos augenrules[797]: rate_limit 0
Jan 25 14:38:05 vyos augenrules[797]: backlog_limit 8192
Jan 25 14:38:05 vyos augenrules[797]: lost 0
Jan 25 14:38:05 vyos augenrules[797]: backlog 4
Jan 25 14:38:05 vyos augenrules[797]: backlog_wait_time 60000
Jan 25 14:38:05 vyos augenrules[797]: backlog_wait_time_actual 0
Jan 25 14:38:05 vyos systemd[1]: Started auditd.service - Security Auditing Service.
Jan 25 14:38:05 vyos systemd[1]: Starting systemd-update-utmp.service - Record System Boot/Shutdown in UTMP...
Jan 25 14:38:05 vyos systemd[1]: Finished systemd-update-utmp.service - Record System Boot/Shutdown in UTMP.
Jan 25 14:38:05 vyos systemd[1]: Reached target sysinit.target - System Initialization.
Jan 25 14:38:05 vyos systemd[1]: Started acpid.path - ACPI Events Check.
Jan 25 14:38:05 vyos systemd[1]: Started e2scrub_all.timer - Periodic ext4 Online Metadata Check for All Filesystems.
Jan 25 14:38:05 vyos systemd[1]: Started fstrim.timer - Discard unused blocks once a week.
Jan 25 14:38:05 vyos systemd[1]: Started logrotate.timer - Daily rotation of log files.
Jan 25 14:38:05 vyos systemd[1]: Started systemd-tmpfiles-clean.timer - Daily Cleanup of Temporary Directories.
Jan 25 14:38:05 vyos systemd[1]: Reached target boot-complete.target - Boot Completion Check.
Jan 25 14:38:05 vyos systemd[1]: Reached target paths.target - Path Units.
Jan 25 14:38:05 vyos systemd[1]: Reached target timers.target - Timer Units.
Jan 25 14:38:05 vyos systemd[1]: Listening on acpid.socket - ACPID Listen Socket.
Jan 25 14:38:05 vyos systemd[1]: Listening on dbus.socket - D-Bus System Message Bus Socket.
Jan 25 14:38:05 vyos systemd[1]: Listening on podman.socket - Podman API Socket.
Jan 25 14:38:05 vyos systemd[1]: Listening on uuidd.socket - UUID daemon activation socket.
Jan 25 14:38:05 vyos systemd[1]: Reached target sockets.target - Socket Units.
Jan 25 14:38:05 vyos systemd[1]: systemd-pcrphase-sysinit.service - TPM2 PCR Barrier (Initialization) was skipped because of an unmet condition check (ConditionPathExists=/sys/firmware/efi/efivars/StubPcrKernelImage-4a67b082-0a4c-41cf-b6c7-440b29bb8c4f).
Jan 25 14:38:05 vyos (udev-worker)[733]: Network interface NamePolicy= disabled on kernel command line.
Jan 25 14:38:05 vyos (udev-worker)[734]: Network interface NamePolicy= disabled on kernel command line.
Jan 25 14:38:05 vyos (udev-worker)[729]: Network interface NamePolicy= disabled on kernel command line.
Jan 25 14:38:05 vyos (udev-worker)[727]: Network interface NamePolicy= disabled on kernel command line.
Jan 25 14:38:05 vyos live-config[757]: live-config: debconf keyboard-configuration.
Jan 25 14:38:05 vyos systemd[1]: Finished live-config.service - live-config contains the components that configure a live system during the boot process (late userspace)..
Jan 25 14:38:05 vyos systemd[1]: Reached target basic.target - Basic System.
Jan 25 14:38:05 vyos systemd[1]: Started acpid.service - ACPI event daemon.
Jan 25 14:38:05 vyos systemd[1]: Starting atd.service - Deferred execution scheduler...
Jan 25 14:38:05 vyos systemd[1]: Starting atopacct.service - Atop process accounting daemon...
Jan 25 14:38:05 vyos systemd[1]: Started cron.service - Regular background program processing daemon.
Jan 25 14:38:05 vyos systemd[1]: Starting dbus.service - D-Bus System Message Bus...
Jan 25 14:38:05 vyos systemd[1]: Starting e2scrub_reap.service - Remove Stale Online ext4 Metadata Check Snapshots...
Jan 25 14:38:05 vyos systemd[1]: getty-static.service - getty on tty2-tty6 if dbus and logind are not available was skipped because of an unmet condition check (ConditionPathExists=!/usr/bin/dbus-daemon).
Jan 25 14:38:05 vyos cron[868]: (CRON) INFO (pidfile fd = 3)
Jan 25 14:38:05 vyos acpid: starting up with netlink and the input layer
Jan 25 14:38:05 vyos systemd[1]: Starting netplug.service - LSB: Brings up/down network automatically...
Jan 25 14:38:05 vyos acpid: 1 rule loaded
Jan 25 14:38:05 vyos acpid: waiting for events: event logging is off
Jan 25 14:38:05 vyos cron[868]: (CRON) INFO (Running @reboot jobs)
Jan 25 14:38:05 vyos systemd[1]: nvmefc-boot-connections.service - Auto-connect to subsystems on FC-NVME devices found during boot was skipped because of an unmet condition check (ConditionPathExists=/sys/class/fc/fc_udev_device/nvme_discovery).
Jan 25 14:38:05 vyos systemd[1]: Starting podman-clean-transient.service - Clean up podman transient data...
Jan 25 14:38:05 vyos systemd[1]: Starting podman.service - Podman API Service...
Jan 25 14:38:05 vyos systemd[1]: Starting rsyslog.service - System Logging Service...
Jan 25 14:38:05 vyos systemd[1]: Starting sendmail.service - LSB: powerful, efficient, and scalable Mail Transport Agent...
Jan 25 14:38:05 vyos systemd[1]: Starting systemd-logind.service - User Login Management...
Jan 25 14:38:05 vyos systemd[1]: systemd-pcrphase.service - TPM2 PCR Barrier (User) was skipped because of an unmet condition check (ConditionPathExists=/sys/firmware/efi/efivars/StubPcrKernelImage-4a67b082-0a4c-41cf-b6c7-440b29bb8c4f).
Jan 25 14:38:05 vyos systemd[1]: Starting vyos-grub-update.service - Update GRUB loader configuration structure...
Jan 25 14:38:05 vyos systemd[1]: Starting logrotate.service - Rotate log files...
Jan 25 14:38:05 vyos systemd[1]: Started atd.service - Deferred execution scheduler.
Jan 25 14:38:05 vyos systemd[1]: Started sendmail.service - LSB: powerful, efficient, and scalable Mail Transport Agent.
Jan 25 14:38:05 vyos systemd[1]: Started podman.service - Podman API Service.
Jan 25 14:38:05 vyos systemd[1]: Started dbus.service - D-Bus System Message Bus.
Jan 25 14:38:05 vyos systemd-logind[879]: Watching system buttons on /dev/input/event2 (Power Button)
Jan 25 14:38:05 vyos systemd-logind[879]: Watching system buttons on /dev/input/event3 (Sleep Button)
Jan 25 14:38:05 vyos systemd-logind[879]: Watching system buttons on /dev/input/event0 (AT Translated Set 2 keyboard)
Jan 25 14:38:05 vyos systemd-logind[879]: New seat seat0.
Jan 25 14:38:05 vyos dbus-daemon[869]: [system] Successfully activated service 'org.freedesktop.systemd1'
Jan 25 14:38:05 vyos systemd[1]: Started systemd-logind.service - User Login Management.
Jan 25 14:38:05 vyos atopacctd[896]: Version: 2.8.1 - 2023/01/07 14:27:57  <gerlof.langeveld@atoptool.nl>
Jan 25 14:38:05 vyos rsyslogd: imuxsock: Acquired UNIX socket '/run/systemd/journal/syslog' (fd 3) from systemd.  [v8.2302.0]
Jan 25 14:38:05 vyos rsyslogd: [origin software="rsyslogd" swVersion="8.2302.0" x-pid="875" x-info="https://www.rsyslog.com"] start
Jan 25 14:38:05 vyos atopacctd[896]: accounting to /run/pacct_source
Jan 25 14:38:05 vyos systemd[1]: Started rsyslog.service - System Logging Service.
Jan 25 14:38:05 vyos systemd[1]: Started atopacct.service - Atop process accounting daemon.
Jan 25 14:38:05 vyos kernel: [    0.000000] Linux version 6.6.10-amd64-vyos (vyos_bld@63b36a9048a2) (gcc (Debian 12.2.0-14) 12.2.0, GNU ld (GNU Binutils for Debian) 2.40) #1 SMP PREEMPT_DYNAMIC Sun Jan  7 11:09:56 UTC 2024
Jan 25 14:38:05 vyos kernel: [    0.000000] Command line: BOOT_IMAGE=/boot/1.5-rolling-202401080717/vmlinuz boot=live rootdelay=5 noautologin net.ifnames=0 biosdevname=0 vyos-union=/boot/1.5-rolling-202401080717 console=tty0
Jan 25 14:38:05 vyos kernel: [    0.000000] BIOS-provided physical RAM map:
Jan 25 14:38:05 vyos kernel: [    0.000000] BIOS-e820: [mem 0x0000000000000000-0x000000000009fbff] usable
Jan 25 14:38:05 vyos kernel: [    0.000000] BIOS-e820: [mem 0x000000000009fc00-0x000000000009ffff] reserved
Jan 25 14:38:05 vyos kernel: [    0.000000] BIOS-e820: [mem 0x00000000000f0000-0x00000000000fffff] reserved
Jan 25 14:38:05 vyos kernel: [    0.000000] BIOS-e820: [mem 0x0000000000100000-0x000000003ffeffff] usable
Jan 25 14:38:05 vyos kernel: [    0.000000] BIOS-e820: [mem 0x000000003fff0000-0x000000003fffffff] ACPI data
Jan 25 14:38:05 vyos kernel: [    0.000000] BIOS-e820: [mem 0x00000000fec00000-0x00000000fec00fff] reserved
Jan 25 14:38:05 vyos kernel: [    0.000000] BIOS-e820: [mem 0x00000000fee00000-0x00000000fee00fff] reserved
Jan 25 14:38:05 vyos kernel: [    0.000000] BIOS-e820: [mem 0x00000000fffc0000-0x00000000ffffffff] reserved
Jan 25 14:38:05 vyos kernel: [    0.000000] NX (Execute Disable) protection: active
Jan 25 14:38:05 vyos kernel: [    0.000000] APIC: Static calls initialized
Jan 25 14:38:05 vyos kernel: [    0.000000] SMBIOS 2.5 present.
Jan 25 14:38:05 vyos kernel: [    0.000000] DMI: innotek GmbH VirtualBox/VirtualBox, BIOS VirtualBox 12/01/2006
Jan 25 14:38:05 vyos kernel: [    0.000000] Hypervisor detected: KVM
Jan 25 14:38:05 vyos kernel: [    0.000000] kvm-clock: Using msrs 4b564d01 and 4b564d00
Jan 25 14:38:05 vyos kernel: [    0.000002] kvm-clock: using sched offset of 9969738283 cycles
Jan 25 14:38:05 vyos kernel: [    0.000004] clocksource: kvm-clock: mask: 0xffffffffffffffff max_cycles: 0x1cd42e4dffb, max_idle_ns: 881590591483 ns
Jan 25 14:38:05 vyos kernel: [    0.000007] tsc: Detected 2918.400 MHz processor
Jan 25 14:38:05 vyos kernel: [    0.003980] last_pfn = 0x3fff0 max_arch_pfn = 0x400000000
Jan 25 14:38:05 vyos kernel: [    0.004002] MTRRs disabled by BIOS
Jan 25 14:38:05 vyos kernel: [    0.004003] x86/PAT: Configuration [0-7]: WB  WC  UC- UC  WB  WP  UC- WT  
Jan 25 14:38:05 vyos kernel: [    0.004036] found SMP MP-table at [mem 0x0009fff0-0x0009ffff]
Jan 25 14:38:05 vyos kernel: [    0.004051] Incomplete global flushes, disabling PCID
Jan 25 14:38:05 vyos kernel: [    0.004140] RAMDISK: [mem 0x33cf1000-0x35e6ffff]
Jan 25 14:38:05 vyos kernel: [    0.004143] ACPI: Early table checksum verification disabled
Jan 25 14:38:05 vyos kernel: [    0.004146] ACPI: RSDP 0x00000000000E0000 000024 (v02 VBOX  )
Jan 25 14:38:05 vyos kernel: [    0.004149] ACPI: XSDT 0x000000003FFF0030 00003C (v01 VBOX   VBOXXSDT 00000001 ASL  00000061)
Jan 25 14:38:05 vyos kernel: [    0.004153] ACPI: FACP 0x000000003FFF00F0 0000F4 (v04 VBOX   VBOXFACP 00000001 ASL  00000061)
Jan 25 14:38:05 vyos kernel: [    0.004157] ACPI: DSDT 0x000000003FFF0610 002353 (v02 VBOX   VBOXBIOS 00000002 INTL 20100528)
Jan 25 14:38:05 vyos kernel: [    0.004159] ACPI: FACS 0x000000003FFF0200 000040
Jan 25 14:38:05 vyos kernel: [    0.004160] ACPI: FACS 0x000000003FFF0200 000040
Jan 25 14:38:05 vyos kernel: [    0.004162] ACPI: APIC 0x000000003FFF0240 000054 (v02 VBOX   VBOXAPIC 00000001 ASL  00000061)
Jan 25 14:38:05 vyos kernel: [    0.004163] ACPI: SSDT 0x000000003FFF02A0 00036C (v01 VBOX   VBOXCPUT 00000002 INTL 20100528)
Jan 25 14:38:05 vyos kernel: [    0.004165] ACPI: Reserving FACP table memory at [mem 0x3fff00f0-0x3fff01e3]
Jan 25 14:38:05 vyos kernel: [    0.004166] ACPI: Reserving DSDT table memory at [mem 0x3fff0610-0x3fff2962]
Jan 25 14:38:05 vyos kernel: [    0.004167] ACPI: Reserving FACS table memory at [mem 0x3fff0200-0x3fff023f]
Jan 25 14:38:05 vyos kernel: [    0.004167] ACPI: Reserving FACS table memory at [mem 0x3fff0200-0x3fff023f]
Jan 25 14:38:05 vyos kernel: [    0.004168] ACPI: Reserving APIC table memory at [mem 0x3fff0240-0x3fff0293]
Jan 25 14:38:05 vyos kernel: [    0.004168] ACPI: Reserving SSDT table memory at [mem 0x3fff02a0-0x3fff060b]
Jan 25 14:38:05 vyos kernel: [    0.005895] No NUMA configuration found
Jan 25 14:38:05 vyos kernel: [    0.005897] Faking a node at [mem 0x0000000000000000-0x000000003ffeffff]
Jan 25 14:38:05 vyos kernel: [    0.005900] NODE_DATA(0) allocated [mem 0x3ffec000-0x3ffeffff]
Jan 25 14:38:05 vyos kernel: [    0.005916] Zone ranges:
Jan 25 14:38:05 vyos kernel: [    0.005916]   DMA      [mem 0x0000000000001000-0x0000000000ffffff]
Jan 25 14:38:05 vyos kernel: [    0.005918]   DMA32    [mem 0x0000000001000000-0x000000003ffeffff]
Jan 25 14:38:05 vyos kernel: [    0.005919]   Normal   empty
Jan 25 14:38:05 vyos kernel: [    0.005920] Movable zone start for each node
Jan 25 14:38:05 vyos kernel: [    0.005920] Early memory node ranges
Jan 25 14:38:05 vyos kernel: [    0.005921]   node   0: [mem 0x0000000000001000-0x000000000009efff]
Jan 25 14:38:05 vyos kernel: [    0.005922]   node   0: [mem 0x0000000000100000-0x000000003ffeffff]
Jan 25 14:38:05 vyos kernel: [    0.005923] Initmem setup node 0 [mem 0x0000000000001000-0x000000003ffeffff]
Jan 25 14:38:05 vyos kernel: [    0.005927] On node 0, zone DMA: 1 pages in unavailable ranges
Jan 25 14:38:05 vyos kernel: [    0.005958] On node 0, zone DMA: 97 pages in unavailable ranges
Jan 25 14:38:05 vyos kernel: [    0.007774] On node 0, zone DMA32: 16 pages in unavailable ranges
Jan 25 14:38:05 vyos kernel: [    0.011682] ACPI: PM-Timer IO Port: 0x4008
Jan 25 14:38:05 vyos kernel: [    0.012262] IOAPIC[0]: apic_id 1, version 32, address 0xfec00000, GSI 0-23
Jan 25 14:38:05 vyos kernel: [    0.012266] ACPI: INT_SRC_OVR (bus 0 bus_irq 0 global_irq 2 dfl dfl)
Jan 25 14:38:05 vyos kernel: [    0.012267] ACPI: INT_SRC_OVR (bus 0 bus_irq 9 global_irq 9 low level)
Jan 25 14:38:05 vyos kernel: [    0.012270] ACPI: Using ACPI (MADT) for SMP configuration information
Jan 25 14:38:05 vyos kernel: [    0.012271] smpboot: Allowing 1 CPUs, 0 hotplug CPUs
Jan 25 14:38:05 vyos kernel: [    0.012665] [mem 0x40000000-0xfebfffff] available for PCI devices
Jan 25 14:38:05 vyos kernel: [    0.012667] Booting paravirtualized kernel on KVM
Jan 25 14:38:05 vyos kernel: [    0.012669] clocksource: refined-jiffies: mask: 0xffffffff max_cycles: 0xffffffff, max_idle_ns: 1910969940391419 ns
Jan 25 14:38:05 vyos kernel: [    0.016531] setup_percpu: NR_CPUS:256 nr_cpumask_bits:1 nr_cpu_ids:1 nr_node_ids:1
Jan 25 14:38:05 vyos kernel: [    0.016799] percpu: Embedded 57 pages/cpu s196072 r8192 d29208 u2097152
Jan 25 14:38:05 vyos kernel: [    0.017079] kvm-guest: PV spinlocks disabled, single CPU
Jan 25 14:38:05 vyos kernel: [    0.017085] Kernel command line: BOOT_IMAGE=/boot/1.5-rolling-202401080717/vmlinuz boot=live rootdelay=5 noautologin net.ifnames=0 biosdevname=0 vyos-union=/boot/1.5-rolling-202401080717 console=tty0
Jan 25 14:38:05 vyos kernel: [    0.017152] Unknown kernel command line parameters "noautologin BOOT_IMAGE=/boot/1.5-rolling-202401080717/vmlinuz boot=live biosdevname=0 vyos-union=/boot/1.5-rolling-202401080717", will be passed to user space.
Jan 25 14:38:05 vyos kernel: [    0.017172] random: crng init done
Jan 25 14:38:05 vyos kernel: [    0.017377] Dentry cache hash table entries: 131072 (order: 8, 1048576 bytes, linear)
Jan 25 14:38:05 vyos kernel: [    0.017578] Inode-cache hash table entries: 65536 (order: 7, 524288 bytes, linear)
Jan 25 14:38:05 vyos kernel: [    0.017609] Fallback order for Node 0: 0 
Jan 25 14:38:05 vyos kernel: [    0.017612] Built 1 zonelists, mobility grouping on.  Total pages: 257776
Jan 25 14:38:05 vyos kernel: [    0.017613] Policy zone: DMA32
Jan 25 14:38:05 vyos kernel: [    0.017614] mem auto-init: stack:off, heap alloc:off, heap free:off
Jan 25 14:38:05 vyos kernel: [    0.019588] Memory: 963928K/1048120K available (14336K kernel code, 1632K rwdata, 4756K rodata, 2340K init, 2384K bss, 83932K reserved, 0K cma-reserved)
Jan 25 14:38:05 vyos kernel: [    0.019737] SLUB: HWalign=64, Order=0-3, MinObjects=0, CPUs=1, Nodes=1
Jan 25 14:38:05 vyos kernel: [    0.020436] Dynamic Preempt: none
Jan 25 14:38:05 vyos kernel: [    0.020458] rcu: Preemptible hierarchical RCU implementation.
Jan 25 14:38:05 vyos kernel: [    0.020459] rcu: 	RCU restricting CPUs from NR_CPUS=256 to nr_cpu_ids=1.
Jan 25 14:38:05 vyos kernel: [    0.020460] 	Trampoline variant of Tasks RCU enabled.
Jan 25 14:38:05 vyos kernel: [    0.020461] 	Tracing variant of Tasks RCU enabled.
Jan 25 14:38:05 vyos kernel: [    0.020461] rcu: RCU calculated value of scheduler-enlistment delay is 100 jiffies.
Jan 25 14:38:05 vyos kernel: [    0.020462] rcu: Adjusting geometry for rcu_fanout_leaf=16, nr_cpu_ids=1
Jan 25 14:38:05 vyos kernel: [    0.020955] NR_IRQS: 16640, nr_irqs: 256, preallocated irqs: 16
Jan 25 14:38:05 vyos kernel: [    0.021513] rcu: srcu_init: Setting srcu_struct sizes based on contention.
Jan 25 14:38:05 vyos kernel: [    0.053708] Console: colour VGA+ 80x25
Jan 25 14:38:05 vyos kernel: [    0.053712] printk: console [tty0] enabled
Jan 25 14:38:05 vyos kernel: [    0.326322] ACPI: Core revision 20230628
Jan 25 14:38:05 vyos kernel: [    0.330560] APIC: Switch to symmetric I/O mode setup
Jan 25 14:38:05 vyos kernel: [    0.356781] ..TIMER: vector=0x30 apic1=0 pin1=2 apic2=-1 pin2=-1
Jan 25 14:38:05 vyos kernel: [    0.361228] clocksource: tsc-early: mask: 0xffffffffffffffff max_cycles: 0x2a11290c0c8, max_idle_ns: 440795344938 ns
Jan 25 14:38:05 vyos kernel: [    0.368419] Calibrating delay loop (skipped) preset value.. 5836.80 BogoMIPS (lpj=2918400)
Jan 25 14:38:05 vyos kernel: [    0.376275] Last level iTLB entries: 4KB 0, 2MB 0, 4MB 0
Jan 25 14:38:05 vyos kernel: [    0.376420] Last level dTLB entries: 4KB 0, 2MB 0, 4MB 0, 1GB 0
Jan 25 14:38:05 vyos kernel: [    0.377426] Spectre V1 : Mitigation: usercopy/swapgs barriers and __user pointer sanitization
Jan 25 14:38:05 vyos kernel: [    0.378420] Spectre V2 : WARNING: Unprivileged eBPF is enabled with eIBRS on, data leaks possible via Spectre v2 BHB attacks!
Jan 25 14:38:05 vyos kernel: [    0.379420] Spectre V2 : Mitigation: Enhanced / Automatic IBRS
Jan 25 14:38:05 vyos kernel: [    0.380419] Spectre V2 : Spectre v2 / SpectreRSB mitigation: Filling RSB on context switch
Jan 25 14:38:05 vyos kernel: [    0.381418] Spectre V2 : Spectre v2 / PBRSB-eIBRS: Retire a single CALL on VMEXIT
Jan 25 14:38:05 vyos kernel: [    0.382418] RETBleed: Mitigation: Enhanced IBRS
Jan 25 14:38:05 vyos kernel: [    0.383418] Speculative Store Bypass: Vulnerable
Jan 25 14:38:05 vyos kernel: [    0.384421] x86/fpu: x87 FPU will use FXSAVE
Jan 25 14:38:05 vyos kernel: [    0.387702] Freeing SMP alternatives memory: 36K
Jan 25 14:38:05 vyos kernel: [    0.388421] pid_max: default: 32768 minimum: 301
Jan 25 14:38:05 vyos kernel: [    0.390573] Mount-cache hash table entries: 2048 (order: 2, 16384 bytes, linear)
Jan 25 14:38:05 vyos kernel: [    0.391421] Mountpoint-cache hash table entries: 2048 (order: 2, 16384 bytes, linear)
Jan 25 14:38:05 vyos kernel: [    0.494419] APIC calibration not consistent with PM-Timer: 109ms instead of 100ms
Jan 25 14:38:05 vyos kernel: [    0.495415] APIC delta adjusted to PM-Timer: 6329002 (6903460)
Jan 25 14:38:05 vyos kernel: [    0.495827] smpboot: CPU0: 13th Gen Intel(R) Core(TM) i7-13620H (family: 0x6, model: 0xba, stepping: 0x2)
Jan 25 14:38:05 vyos kernel: [    0.496549] RCU Tasks: Setting shift to 0 and lim to 1 rcu_task_cb_adjust=1.
Jan 25 14:38:05 vyos kernel: [    0.497439] RCU Tasks Trace: Setting shift to 0 and lim to 1 rcu_task_cb_adjust=1.
Jan 25 14:38:05 vyos kernel: [    0.498439] Performance Events: unsupported p6 CPU model 186 no PMU driver, software events only.
Jan 25 14:38:05 vyos kernel: [    0.500431] signal: max sigframe size: 1440
Jan 25 14:38:05 vyos kernel: [    0.501459] rcu: Hierarchical SRCU implementation.
Jan 25 14:38:05 vyos kernel: [    0.502418] rcu: 	Max phase no-delay instances is 400.
Jan 25 14:38:05 vyos kernel: [    0.503587] NMI watchdog: Perf NMI watchdog permanently disabled
Jan 25 14:38:05 vyos kernel: [    0.504461] smp: Bringing up secondary CPUs ...
Jan 25 14:38:05 vyos kernel: [    0.505425] smp: Brought up 1 node, 1 CPU
Jan 25 14:38:05 vyos kernel: [    0.506418] smpboot: Max logical packages: 1
Jan 25 14:38:05 vyos kernel: [    0.507419] smpboot: Total of 1 processors activated (5836.80 BogoMIPS)
Jan 25 14:38:05 vyos kernel: [    0.508573] devtmpfs: initialized
Jan 25 14:38:05 vyos kernel: [    0.509550] x86/mm: Memory block size: 128MB
Jan 25 14:38:05 vyos kernel: [    0.510688] clocksource: jiffies: mask: 0xffffffff max_cycles: 0xffffffff, max_idle_ns: 1911260446275000 ns
Jan 25 14:38:05 vyos kernel: [    0.511422] futex hash table entries: 256 (order: 2, 16384 bytes, linear)
Jan 25 14:38:05 vyos kernel: [    0.512457] pinctrl core: initialized pinctrl subsystem
Jan 25 14:38:05 vyos kernel: [    0.513931] NET: Registered PF_NETLINK/PF_ROUTE protocol family
Jan 25 14:38:05 vyos kernel: [    0.514509] audit: initializing netlink subsys (disabled)
Jan 25 14:38:05 vyos kernel: [    0.515517] thermal_sys: Registered thermal governor 'fair_share'
Jan 25 14:38:05 vyos kernel: [    0.515518] thermal_sys: Registered thermal governor 'bang_bang'
Jan 25 14:38:05 vyos kernel: [    0.516419] thermal_sys: Registered thermal governor 'step_wise'
Jan 25 14:38:05 vyos kernel: [    0.517419] thermal_sys: Registered thermal governor 'user_space'
Jan 25 14:38:05 vyos kernel: [    0.518436] audit: type=2000 audit(1706193468.208:1): state=initialized audit_enabled=0 res=1
Jan 25 14:38:05 vyos kernel: [    0.520438] cpuidle: using governor ladder
Jan 25 14:38:05 vyos kernel: [    0.521428] cpuidle: using governor menu
Jan 25 14:38:05 vyos kernel: [    0.522610] acpiphp: ACPI Hot Plug PCI Controller Driver version: 0.5
Jan 25 14:38:05 vyos kernel: [    0.524490] dca service started, version 1.12.1
Jan 25 14:38:05 vyos kernel: [    0.526598] PCI: Using configuration type 1 for base access
Jan 25 14:38:05 vyos kernel: [    0.528415] HugeTLB: registered 2.00 MiB page size, pre-allocated 0 pages
Jan 25 14:38:05 vyos kernel: [    0.528418] HugeTLB: 28 KiB vmemmap can be freed for a 2.00 MiB page
Jan 25 14:38:05 vyos kernel: [    0.546419] raid6: sse2x4   gen() 176459 MB/s
Jan 25 14:38:05 vyos kernel: [    0.564419] raid6: sse2x2   gen() 178425 MB/s
Jan 25 14:38:05 vyos kernel: [    0.582420] raid6: sse2x1   gen() 145791 MB/s
Jan 25 14:38:05 vyos kernel: [    0.584418] raid6: using algorithm sse2x2 gen() 178425 MB/s
Jan 25 14:38:05 vyos kernel: [    0.602419] raid6: .... xor() 87962 MB/s, rmw enabled
Jan 25 14:38:05 vyos kernel: [    0.603419] raid6: using ssse3x2 recovery algorithm
Jan 25 14:38:05 vyos kernel: [    0.604503] ACPI: Added _OSI(Module Device)
Jan 25 14:38:05 vyos kernel: [    0.605417] ACPI: Added _OSI(Processor Device)
Jan 25 14:38:05 vyos kernel: [    0.606418] ACPI: Added _OSI(3.0 _SCP Extensions)
Jan 25 14:38:05 vyos kernel: [    0.607418] ACPI: Added _OSI(Processor Aggregator Device)
Jan 25 14:38:05 vyos kernel: [    0.609925] ACPI: 2 ACPI AML tables successfully acquired and loaded
Jan 25 14:38:05 vyos kernel: [    0.623483] ACPI: _OSC evaluation for CPUs failed, trying _PDC
Jan 25 14:38:05 vyos kernel: [    0.624476] ACPI: Interpreter enabled
Jan 25 14:38:05 vyos kernel: [    0.625427] ACPI: PM: (supports S0 S5)
Jan 25 14:38:05 vyos kernel: [    0.626419] ACPI: Using IOAPIC for interrupt routing
Jan 25 14:38:05 vyos kernel: [    0.629537] PCI: Using host bridge windows from ACPI; if necessary, use "pci=nocrs" and report a bug
Jan 25 14:38:05 vyos kernel: [    0.630417] PCI: Using E820 reservations for host bridge windows
Jan 25 14:38:05 vyos kernel: [    0.632568] ACPI: Enabled 2 GPEs in block 00 to 07
Jan 25 14:38:05 vyos kernel: [    0.668509] ACPI: PCI Root Bridge [PCI0] (domain 0000 [bus 00-ff])
Jan 25 14:38:05 vyos kernel: [    0.669422] acpi PNP0A03:00: _OSC: OS supports [ASPM ClockPM Segments MSI HPX-Type3]
Jan 25 14:38:05 vyos kernel: [    0.671419] acpi PNP0A03:00: _OSC: not requesting OS control; OS requires [ExtendedConfig ASPM ClockPM MSI]
Jan 25 14:38:05 vyos kernel: [    0.675589] acpi PNP0A03:00: fail to add MMCONFIG information, can't access extended configuration space under this bridge
Jan 25 14:38:05 vyos kernel: [    0.680574] PCI host bridge to bus 0000:00
Jan 25 14:38:05 vyos kernel: [    0.682419] pci_bus 0000:00: root bus resource [io  0x0000-0x0cf7 window]
Jan 25 14:38:05 vyos kernel: [    0.683419] pci_bus 0000:00: root bus resource [io  0x0d00-0xffff window]
Jan 25 14:38:05 vyos kernel: [    0.684419] pci_bus 0000:00: root bus resource [mem 0x000a0000-0x000bffff window]
Jan 25 14:38:05 vyos kernel: [    0.685420] pci_bus 0000:00: root bus resource [mem 0x40000000-0xfdffffff window]
Jan 25 14:38:05 vyos kernel: [    0.686420] pci_bus 0000:00: root bus resource [bus 00-ff]
Jan 25 14:38:05 vyos kernel: [    0.690558] pci 0000:00:00.0: [8086:1237] type 00 class 0x060000
Jan 25 14:38:05 vyos kernel: [    0.701605] pci 0000:00:01.0: [8086:7000] type 00 class 0x060100
Jan 25 14:38:05 vyos kernel: [    0.717464] pci 0000:00:01.1: [8086:7111] type 00 class 0x01018a
Jan 25 14:38:05 vyos kernel: [    0.727464] pci 0000:00:01.1: reg 0x20: [io  0xd000-0xd00f]
Jan 25 14:38:05 vyos kernel: [    0.732464] pci 0000:00:01.1: legacy IDE quirk: reg 0x10: [io  0x01f0-0x01f7]
Jan 25 14:38:05 vyos kernel: [    0.733418] pci 0000:00:01.1: legacy IDE quirk: reg 0x14: [io  0x03f6]
Jan 25 14:38:05 vyos kernel: [    0.734419] pci 0000:00:01.1: legacy IDE quirk: reg 0x18: [io  0x0170-0x0177]
Jan 25 14:38:05 vyos kernel: [    0.735419] pci 0000:00:01.1: legacy IDE quirk: reg 0x1c: [io  0x0376]
Jan 25 14:38:05 vyos kernel: [    0.739651] pci 0000:00:02.0: [15ad:0405] type 00 class 0x030000
Jan 25 14:38:05 vyos kernel: [    0.743417] pci 0000:00:02.0: reg 0x10: [io  0xd010-0xd01f]
Jan 25 14:38:05 vyos kernel: [    0.747418] pci 0000:00:02.0: reg 0x14: [mem 0xe0000000-0xe0ffffff pref]
Jan 25 14:38:05 vyos kernel: [    0.750418] pci 0000:00:02.0: reg 0x18: [mem 0xf0000000-0xf01fffff]
Jan 25 14:38:05 vyos kernel: [    0.761417] pci 0000:00:02.0: Video device with shadowed ROM at [mem 0x000c0000-0x000dffff]
Jan 25 14:38:05 vyos kernel: [    0.766509] pci 0000:00:03.0: [8086:100e] type 00 class 0x020000
Jan 25 14:38:05 vyos kernel: [    0.770628] pci 0000:00:03.0: reg 0x10: [mem 0xf0200000-0xf021ffff]
Jan 25 14:38:05 vyos kernel: [    0.775418] pci 0000:00:03.0: reg 0x18: [io  0xd020-0xd027]
Jan 25 14:38:05 vyos kernel: [    0.791562] pci 0000:00:04.0: [80ee:cafe] type 00 class 0x088000
Jan 25 14:38:05 vyos kernel: [    0.796418] pci 0000:00:04.0: reg 0x10: [io  0xd040-0xd05f]
Jan 25 14:38:05 vyos kernel: [    0.800418] pci 0000:00:04.0: reg 0x14: [mem 0xf0400000-0xf07fffff]
Jan 25 14:38:05 vyos kernel: [    0.803417] pci 0000:00:04.0: reg 0x18: [mem 0xf0800000-0xf0803fff pref]
Jan 25 14:38:05 vyos kernel: [    0.816418] pci 0000:00:05.0: [8086:2415] type 00 class 0x040100
Jan 25 14:38:05 vyos kernel: [    0.820464] pci 0000:00:05.0: reg 0x10: [io  0xd100-0xd1ff]
Jan 25 14:38:05 vyos kernel: [    0.822600] pci 0000:00:05.0: reg 0x14: [io  0xd200-0xd23f]
Jan 25 14:38:05 vyos kernel: [    0.833559] pci 0000:00:06.0: [106b:003f] type 00 class 0x0c0310
Jan 25 14:38:05 vyos kernel: [    0.836621] pci 0000:00:06.0: reg 0x10: [mem 0xf0804000-0xf0804fff]
Jan 25 14:38:05 vyos kernel: [    0.851562] pci 0000:00:07.0: [8086:7113] type 00 class 0x068000
Jan 25 14:38:05 vyos kernel: [    0.863554] pci 0000:00:07.0: quirk: [io  0x4000-0x403f] claimed by PIIX4 ACPI
Jan 25 14:38:05 vyos kernel: [    0.865466] pci 0000:00:07.0: quirk: [io  0x4100-0x410f] claimed by PIIX4 SMB
Jan 25 14:38:05 vyos kernel: [    0.873418] pci 0000:00:08.0: [8086:100e] type 00 class 0x020000
Jan 25 14:38:05 vyos kernel: [    0.877610] pci 0000:00:08.0: reg 0x10: [mem 0xf0820000-0xf083ffff]
Jan 25 14:38:05 vyos kernel: [    0.881417] pci 0000:00:08.0: reg 0x18: [io  0xd240-0xd247]
Jan 25 14:38:05 vyos kernel: [    0.898465] pci 0000:00:09.0: [8086:100e] type 00 class 0x020000
Jan 25 14:38:05 vyos kernel: [    0.903530] pci 0000:00:09.0: reg 0x10: [mem 0xf0840000-0xf085ffff]
Jan 25 14:38:05 vyos kernel: [    0.905228] pci 0000:00:09.0: reg 0x18: [io  0xd248-0xd24f]
Jan 25 14:38:05 vyos kernel: [    0.910131] pci 0000:00:0a.0: [8086:100e] type 00 class 0x020000
Jan 25 14:38:05 vyos kernel: [    0.911065] pci 0000:00:0a.0: reg 0x10: [mem 0xf0860000-0xf087ffff]
Jan 25 14:38:05 vyos kernel: [    0.912483] pci 0000:00:0a.0: reg 0x18: [io  0xd250-0xd257]
Jan 25 14:38:05 vyos kernel: [    0.918226] pci 0000:00:0b.0: [8086:265c] type 00 class 0x0c0320
Jan 25 14:38:05 vyos kernel: [    0.919071] pci 0000:00:0b.0: reg 0x10: [mem 0xf0880000-0xf0880fff]
Jan 25 14:38:05 vyos kernel: [    0.925170] pci 0000:00:0d.0: [8086:2829] type 00 class 0x010601
Jan 25 14:38:05 vyos kernel: [    0.926745] pci 0000:00:0d.0: reg 0x10: [io  0xd258-0xd25f]
Jan 25 14:38:05 vyos kernel: [    0.928477] pci 0000:00:0d.0: reg 0x14: [io  0xd260-0xd263]
Jan 25 14:38:05 vyos kernel: [    0.929930] pci 0000:00:0d.0: reg 0x18: [io  0xd268-0xd26f]
Jan 25 14:38:05 vyos kernel: [    0.930812] pci 0000:00:0d.0: reg 0x1c: [io  0xd270-0xd273]
Jan 25 14:38:05 vyos kernel: [    0.932664] pci 0000:00:0d.0: reg 0x20: [io  0xd280-0xd28f]
Jan 25 14:38:05 vyos kernel: [    0.934664] pci 0000:00:0d.0: reg 0x24: [mem 0xf0882000-0xf0883fff]
Jan 25 14:38:05 vyos kernel: [    0.942301] ACPI: PCI: Interrupt link LNKA configured for IRQ 11
Jan 25 14:38:05 vyos kernel: [    0.943019] ACPI: PCI: Interrupt link LNKB configured for IRQ 10
Jan 25 14:38:05 vyos kernel: [    0.943665] ACPI: PCI: Interrupt link LNKC configured for IRQ 9
Jan 25 14:38:05 vyos kernel: [    0.944741] ACPI: PCI: Interrupt link LNKD configured for IRQ 11
Jan 25 14:38:05 vyos kernel: [    0.945625] iommu: Default domain type: Translated
Jan 25 14:38:05 vyos kernel: [    0.946417] iommu: DMA domain TLB invalidation policy: lazy mode
Jan 25 14:38:05 vyos kernel: [    0.947474] ACPI: bus type USB registered
Jan 25 14:38:05 vyos kernel: [    0.948430] usbcore: registered new interface driver usbfs
Jan 25 14:38:05 vyos kernel: [    0.949427] usbcore: registered new interface driver hub
Jan 25 14:38:05 vyos kernel: [    0.950426] usbcore: registered new device driver usb
Jan 25 14:38:05 vyos kernel: [    0.951446] pps_core: LinuxPPS API ver. 1 registered
Jan 25 14:38:05 vyos kernel: [    0.952417] pps_core: Software ver. 5.3.6 - Copyright 2005-2007 Rodolfo Giometti <giometti@linux.it>
Jan 25 14:38:05 vyos kernel: [    0.953424] PTP clock support registered
Jan 25 14:38:05 vyos kernel: [    0.954488] EDAC MC: Ver: 3.0.0
Jan 25 14:38:05 vyos kernel: [    0.957623] PCI: Using ACPI for IRQ routing
Jan 25 14:38:05 vyos kernel: [    0.960443] clocksource: Switched to clocksource kvm-clock
Jan 25 14:38:05 vyos kernel: [    0.964167] pnp: PnP ACPI init
Jan 25 14:38:05 vyos kernel: [    0.968317] pnp: PnP ACPI: found 2 devices
Jan 25 14:38:05 vyos kernel: [    0.979049] clocksource: acpi_pm: mask: 0xffffff max_cycles: 0xffffff, max_idle_ns: 2085701024 ns
Jan 25 14:38:05 vyos kernel: [    0.984526] NET: Registered PF_INET protocol family
Jan 25 14:38:05 vyos kernel: [    0.987635] IP idents hash table entries: 16384 (order: 5, 131072 bytes, linear)
Jan 25 14:38:05 vyos kernel: [    0.993051] tcp_listen_portaddr_hash hash table entries: 512 (order: 1, 8192 bytes, linear)
Jan 25 14:38:05 vyos kernel: [    0.998102] Table-perturb hash table entries: 65536 (order: 6, 262144 bytes, linear)
Jan 25 14:38:05 vyos kernel: [    1.002697] TCP established hash table entries: 8192 (order: 4, 65536 bytes, linear)
Jan 25 14:38:05 vyos kernel: [    1.007662] TCP bind hash table entries: 8192 (order: 6, 262144 bytes, linear)
Jan 25 14:38:05 vyos kernel: [    1.012068] TCP: Hash tables configured (established 8192 bind 8192)
Jan 25 14:38:05 vyos kernel: [    1.016253] MPTCP token hash table entries: 1024 (order: 2, 24576 bytes, linear)
Jan 25 14:38:05 vyos kernel: [    1.020974] UDP hash table entries: 512 (order: 2, 16384 bytes, linear)
Jan 25 14:38:05 vyos kernel: [    1.024975] UDP-Lite hash table entries: 512 (order: 2, 16384 bytes, linear)
Jan 25 14:38:05 vyos kernel: [    1.029161] NET: Registered PF_UNIX/PF_LOCAL protocol family
Jan 25 14:38:05 vyos kernel: [    1.032906] NET: Registered PF_XDP protocol family
Jan 25 14:38:05 vyos kernel: [    1.036235] pci_bus 0000:00: resource 4 [io  0x0000-0x0cf7 window]
Jan 25 14:38:05 vyos kernel: [    1.040117] pci_bus 0000:00: resource 5 [io  0x0d00-0xffff window]
Jan 25 14:38:05 vyos kernel: [    1.043824] pci_bus 0000:00: resource 6 [mem 0x000a0000-0x000bffff window]
Jan 25 14:38:05 vyos kernel: [    1.047949] pci_bus 0000:00: resource 7 [mem 0x40000000-0xfdffffff window]
Jan 25 14:38:05 vyos kernel: [    1.052205] pci 0000:00:00.0: Limiting direct PCI/PCI transfers
Jan 25 14:38:05 vyos kernel: [    1.060434] PCI: CLS 0 bytes, default 64
Jan 25 14:38:05 vyos kernel: [    1.063244] clocksource: tsc: mask: 0xffffffffffffffff max_cycles: 0x2a11290c0c8, max_idle_ns: 440795344938 ns
Jan 25 14:38:05 vyos kernel: [    1.069120] Trying to unpack rootfs image as initramfs...
Jan 25 14:38:05 vyos kernel: [    1.072450] clocksource: Switched to clocksource tsc
Jan 25 14:38:05 vyos kernel: [    1.075680] platform rtc_cmos: registered platform RTC device (no PNP device found)
Jan 25 14:38:05 vyos kernel: [    1.080421] Initialise system trusted keyrings
Jan 25 14:38:05 vyos kernel: [    1.092282] workingset: timestamp_bits=40 max_order=18 bucket_order=0
Jan 25 14:38:05 vyos kernel: [    1.103126] xor: measuring software checksum speed
Jan 25 14:38:05 vyos kernel: [    1.104443]    prefetch64-sse  : 59792 MB/sec
Jan 25 14:38:05 vyos kernel: [    1.106059]    generic_sse     : 50304 MB/sec
Jan 25 14:38:05 vyos kernel: [    1.107181] xor: using function: prefetch64-sse (59792 MB/sec)
Jan 25 14:38:05 vyos kernel: [    1.108460] async_tx: api initialized (async)
Jan 25 14:38:05 vyos kernel: [    1.109985] Key type asymmetric registered
Jan 25 14:38:05 vyos kernel: [    1.112556] Asymmetric key parser 'x509' registered
Jan 25 14:38:05 vyos kernel: [    1.115777] Block layer SCSI generic (bsg) driver version 0.4 loaded (major 248)
Jan 25 14:38:05 vyos kernel: [    1.120312] io scheduler mq-deadline registered
Jan 25 14:38:05 vyos kernel: [    1.123571] io scheduler kyber registered
Jan 25 14:38:05 vyos kernel: [    1.126211] io scheduler bfq registered
Jan 25 14:38:05 vyos kernel: [    1.158003] shpchp: Standard Hot Plug PCI Controller Driver version: 0.4
Jan 25 14:38:05 vyos kernel: [    1.162207] ioatdma: Intel(R) QuickData Technology Driver 5.00
Jan 25 14:38:05 vyos kernel: [    1.166167] idxd driver failed to load without MOVDIR64B.
Jan 25 14:38:05 vyos kernel: [    1.175359] Serial: 8250/16550 driver, 4 ports, IRQ sharing enabled
Jan 25 14:38:05 vyos kernel: [    1.187283] AMD-Vi: AMD IOMMUv2 functionality not available on this system - This is not a bug.
Jan 25 14:38:05 vyos kernel: [    1.193362] i8042: PNP: PS/2 Controller [PNP0303:PS2K,PNP0f03:PS2M] at 0x60,0x64 irq 1,12
Jan 25 14:38:05 vyos kernel: [    1.204308] serio: i8042 KBD port at 0x60,0x64 irq 1
Jan 25 14:38:05 vyos kernel: [    1.208161] serio: i8042 AUX port at 0x60,0x64 irq 12
Jan 25 14:38:05 vyos kernel: [    1.233323] input: AT Translated Set 2 keyboard as /devices/platform/i8042/serio0/input/input0
Jan 25 14:38:05 vyos kernel: [    1.240408] rtc_cmos rtc_cmos: registered as rtc0
Jan 25 14:38:05 vyos kernel: [    1.243846] rtc_cmos rtc_cmos: setting system clock to 2024-01-25T14:37:39 UTC (1706193459)
Jan 25 14:38:05 vyos kernel: [    1.249663] rtc_cmos rtc_cmos: alarms up to one day, 114 bytes nvram
Jan 25 14:38:05 vyos kernel: [    1.253470] fail to initialize ptp_kvm
Jan 25 14:38:05 vyos kernel: [    1.258614] device-mapper: uevent: version 1.0.3
Jan 25 14:38:05 vyos kernel: [    1.269888] device-mapper: ioctl: 4.48.0-ioctl (2023-03-01) initialised: dm-devel@redhat.com
Jan 25 14:38:05 vyos kernel: [    1.279938] intel_pstate: CPU model not supported
Jan 25 14:38:05 vyos kernel: [    1.283127] ledtrig-cpu: registered to indicate activity on CPUs
Jan 25 14:38:05 vyos kernel: [    1.290242] drop_monitor: Initializing network drop monitor service
Jan 25 14:38:05 vyos kernel: [    1.302075] NET: Registered PF_INET6 protocol family
Jan 25 14:38:05 vyos kernel: [    2.335830] Freeing initrd memory: 34300K
Jan 25 14:38:05 vyos kernel: [    2.365035] Segment Routing with IPv6
Jan 25 14:38:05 vyos kernel: [    2.367416] In-situ OAM (IOAM) with IPv6
Jan 25 14:38:05 vyos kernel: [    2.370061] mip6: Mobile IPv6
Jan 25 14:38:05 vyos kernel: [    2.372143] Key type dns_resolver registered
Jan 25 14:38:05 vyos kernel: [    2.375463] mpls_gso: MPLS GSO support
Jan 25 14:38:05 vyos kernel: [    2.378266] IPI shorthand broadcast: enabled
Jan 25 14:38:05 vyos kernel: [    2.381804] sched_clock: Marking stable (2037313954, 343810538)->(3335978580, -954854088)
Jan 25 14:38:05 vyos kernel: [    2.386958] registered taskstats version 1
Jan 25 14:38:05 vyos kernel: [    2.389801] Loading compiled-in X.509 certificates
Jan 25 14:38:05 vyos kernel: [    2.398232] clk: Disabling unused clocks
Jan 25 14:38:05 vyos kernel: [    2.401431] Freeing unused kernel image (initmem) memory: 2340K
Jan 25 14:38:05 vyos kernel: [    2.407035] Write protecting the kernel read-only data: 20480k
Jan 25 14:38:05 vyos kernel: [    2.408569] Freeing unused kernel image (rodata/data gap) memory: 1388K
Jan 25 14:38:05 vyos kernel: [    2.418176] x86/mm: Checked W+X mappings: passed, no W+X pages found.
Jan 25 14:38:05 vyos kernel: [    2.423004] Run /init as init process
Jan 25 14:38:05 vyos kernel: [    2.606864] e1000: Intel(R) PRO/1000 Network Driver
Jan 25 14:38:05 vyos kernel: [    2.609995] e1000: Copyright (c) 1999-2006 Intel Corporation.
Jan 25 14:38:05 vyos kernel: [    2.622548] SCSI subsystem initialized
Jan 25 14:38:05 vyos kernel: [    2.648420] ehci-pci 0000:00:0b.0: EHCI Host Controller
Jan 25 14:38:05 vyos kernel: [    2.651705] ehci-pci 0000:00:0b.0: new USB bus registered, assigned bus number 1
Jan 25 14:38:05 vyos kernel: [    2.658386] ehci-pci 0000:00:0b.0: irq 19, io mem 0xf0880000
Jan 25 14:38:05 vyos kernel: [    2.663382] piix4_smbus 0000:00:07.0: SMBus Host Controller at 0x4100, revision 0
Jan 25 14:38:05 vyos kernel: [    2.687362] ehci-pci 0000:00:0b.0: USB 2.0 started, EHCI 1.00
Jan 25 14:38:05 vyos kernel: [    2.695188] usb usb1: New USB device found, idVendor=1d6b, idProduct=0002, bcdDevice= 6.06
Jan 25 14:38:05 vyos kernel: [    2.700169] usb usb1: New USB device strings: Mfr=3, Product=2, SerialNumber=1
Jan 25 14:38:05 vyos kernel: [    2.704687] usb usb1: Product: EHCI Host Controller
Jan 25 14:38:05 vyos kernel: [    2.752432] usb usb1: Manufacturer: Linux 6.6.10-amd64-vyos ehci_hcd
Jan 25 14:38:05 vyos kernel: [    2.756284] usb usb1: SerialNumber: 0000:00:0b.0
Jan 25 14:38:05 vyos kernel: [    2.772899] hub 1-0:1.0: USB hub found
Jan 25 14:38:05 vyos kernel: [    2.775514] hub 1-0:1.0: 12 ports detected
Jan 25 14:38:05 vyos kernel: [    2.795322] ahci 0000:00:0d.0: SSS flag set, parallel bus scan disabled
Jan 25 14:38:05 vyos kernel: [    2.800683] ahci 0000:00:0d.0: AHCI 0001.0100 32 slots 1 ports 3 Gbps 0x1 impl SATA mode
Jan 25 14:38:05 vyos kernel: [    2.805621] ahci 0000:00:0d.0: flags: 64bit ncq stag only ccc 
Jan 25 14:38:05 vyos kernel: [    2.817324] ohci-pci 0000:00:06.0: OHCI PCI host controller
Jan 25 14:38:05 vyos kernel: [    2.818528] ohci-pci 0000:00:06.0: new USB bus registered, assigned bus number 2
Jan 25 14:38:05 vyos kernel: [    2.820320] ohci-pci 0000:00:06.0: irq 22, io mem 0xf0804000
Jan 25 14:38:05 vyos kernel: [    2.828993] scsi host1: ata_piix
Jan 25 14:38:05 vyos kernel: [    2.850527] scsi host0: ahci
Jan 25 14:38:05 vyos kernel: [    2.854048] ata1: SATA max UDMA/133 abar m8192@0xf0882000 port 0xf0882100 irq 21
Jan 25 14:38:05 vyos kernel: [    2.860420] scsi host2: ata_piix
Jan 25 14:38:05 vyos kernel: [    2.872368] ata2: PATA max UDMA/33 cmd 0x1f0 ctl 0x3f6 bmdma 0xd000 irq 14
Jan 25 14:38:05 vyos kernel: [    2.876905] ata3: PATA max UDMA/33 cmd 0x170 ctl 0x376 bmdma 0xd008 irq 15
Jan 25 14:38:05 vyos kernel: [    2.904607] usb usb2: New USB device found, idVendor=1d6b, idProduct=0001, bcdDevice= 6.06
Jan 25 14:38:05 vyos kernel: [    2.909810] usb usb2: New USB device strings: Mfr=3, Product=2, SerialNumber=1
Jan 25 14:38:05 vyos kernel: [    2.914299] usb usb2: Product: OHCI PCI host controller
Jan 25 14:38:05 vyos kernel: [    2.917996] usb usb2: Manufacturer: Linux 6.6.10-amd64-vyos ohci_hcd
Jan 25 14:38:05 vyos kernel: [    2.921821] usb usb2: SerialNumber: 0000:00:06.0
Jan 25 14:38:05 vyos kernel: [    2.938217] hub 2-0:1.0: USB hub found
Jan 25 14:38:05 vyos kernel: [    2.953526] hub 2-0:1.0: 12 ports detected
Jan 25 14:38:05 vyos kernel: [    3.103115] ata3.00: ATAPI: VBOX CD-ROM, 1.0, max UDMA/133
Jan 25 14:38:05 vyos kernel: [    3.205435] ata1: SATA link up 3.0 Gbps (SStatus 123 SControl 300)
Jan 25 14:38:05 vyos kernel: [    3.221268] ata1.00: ATA-6: VBOX HARDDISK, 1.0, max UDMA/133
Jan 25 14:38:05 vyos kernel: [    3.224666] ata1.00: 125829120 sectors, multi 128: LBA48 NCQ (depth 32)
Jan 25 14:38:05 vyos kernel: [    3.253428] ata1.00: configured for UDMA/133
Jan 25 14:38:05 vyos kernel: [    3.256284] scsi 0:0:0:0: Direct-Access     ATA      VBOX HARDDISK    1.0  PQ: 0 ANSI: 5
Jan 25 14:38:05 vyos kernel: [    3.275815] scsi 2:0:0:0: CD-ROM            VBOX     CD-ROM           1.0  PQ: 0 ANSI: 5
Jan 25 14:38:05 vyos kernel: [    3.326790] sr 2:0:0:0: [sr0] scsi3-mmc drive: 32x/32x xa/form2 tray
Jan 25 14:38:05 vyos kernel: [    3.330773] cdrom: Uniform CD-ROM driver Revision: 3.20
Jan 25 14:38:05 vyos kernel: [    3.335212] usb 2-1: new full-speed USB device number 2 using ohci-pci
Jan 25 14:38:05 vyos kernel: [    3.374341] sd 0:0:0:0: [sda] 125829120 512-byte logical blocks: (64.4 GB/60.0 GiB)
Jan 25 14:38:05 vyos kernel: [    3.376138] sd 0:0:0:0: [sda] Write Protect is off
Jan 25 14:38:05 vyos kernel: [    3.377329] sd 0:0:0:0: [sda] Write cache: enabled, read cache: enabled, doesn't support DPO or FUA
Jan 25 14:38:05 vyos kernel: [    3.379170] sd 0:0:0:0: [sda] Preferred minimum I/O size 512 bytes
Jan 25 14:38:05 vyos kernel: [    3.481531]  sda: sda1 sda2 sda3
Jan 25 14:38:05 vyos kernel: [    3.484112] sd 0:0:0:0: [sda] Attached SCSI disk
Jan 25 14:38:05 vyos kernel: [    3.699103] usb 2-1: New USB device found, idVendor=80ee, idProduct=0021, bcdDevice= 1.00
Jan 25 14:38:05 vyos kernel: [    3.704545] usb 2-1: New USB device strings: Mfr=1, Product=3, SerialNumber=0
Jan 25 14:38:05 vyos kernel: [    3.709002] usb 2-1: Product: USB Tablet
Jan 25 14:38:05 vyos kernel: [    3.711640] usb 2-1: Manufacturer: VirtualBox
Jan 25 14:38:05 vyos kernel: [    3.729756] hid: raw HID events driver (C) Jiri Kosina
Jan 25 14:38:05 vyos kernel: [    3.771863] usbcore: registered new interface driver usbhid
Jan 25 14:38:05 vyos kernel: [    3.775250] usbhid: USB HID core driver
Jan 25 14:38:05 vyos kernel: [    3.779275] input: VirtualBox USB Tablet as /devices/pci0000:00/0000:00:06.0/usb2/2-1/2-1:1.0/0003:80EE:0021.0001/input/input3
Jan 25 14:38:05 vyos kernel: [    3.786684] hid-generic 0003:80EE:0021.0001: input,hidraw0: USB HID v1.10 Mouse [VirtualBox USB Tablet] on usb-0000:00:06.0-1/input0
Jan 25 14:38:05 vyos kernel: [    4.010365] e1000 0000:00:03.0 eth0: (PCI:33MHz:32-bit) 08:00:27:ce:db:cd
Jan 25 14:38:05 vyos kernel: [    4.011864] e1000 0000:00:03.0 eth0: Intel(R) PRO/1000 Network Connection
Jan 25 14:38:05 vyos kernel: [    4.839090] e1000 0000:00:08.0 eth1: (PCI:33MHz:32-bit) 08:00:27:7f:23:ac
Jan 25 14:38:05 vyos kernel: [    4.843397] e1000 0000:00:08.0 eth1: Intel(R) PRO/1000 Network Connection
Jan 25 14:38:05 vyos kernel: [    5.743603] e1000 0000:00:09.0 eth2: (PCI:33MHz:32-bit) 08:00:27:3c:a0:34
Jan 25 14:38:05 vyos kernel: [    5.747665] e1000 0000:00:09.0 eth2: Intel(R) PRO/1000 Network Connection
Jan 25 14:38:05 vyos kernel: [    6.383118] e1000 0000:00:0a.0 eth3: (PCI:33MHz:32-bit) 08:00:27:2f:b1:b5
Jan 25 14:38:05 vyos kernel: [    6.387754] e1000 0000:00:0a.0 eth3: Intel(R) PRO/1000 Network Connection
Jan 25 14:38:05 vyos kernel: [    6.394218] e1000: copybreak disabled
Jan 25 14:38:05 vyos kernel: [    6.402541] e1000 0000:00:0a.0 e5: renamed from eth3
Jan 25 14:38:05 vyos kernel: [    6.421981] e1000 0000:00:09.0 e4: renamed from eth2
Jan 25 14:38:05 vyos kernel: [    6.436258] e1000 0000:00:08.0 e3: renamed from eth1
Jan 25 14:38:05 vyos kernel: [    6.443486] e1000 0000:00:03.0 e2: renamed from eth0
Jan 25 14:38:05 vyos kernel: [   11.952547] EXT4-fs (sda3): mounted filesystem b039fb29-e7d6-415b-8f82-076e7e22105a ro with ordered data mode. Quota mode: disabled.
Jan 25 14:38:05 vyos kernel: [   11.992637] loop: module loaded
Jan 25 14:38:05 vyos kernel: [   12.015803] loop0: detected capacity change from 0 to 788616
Jan 25 14:38:05 vyos kernel: [   12.027793] squashfs: version 4.0 (2009/01/31) Phillip Lougher
Jan 25 14:38:05 vyos kernel: [   12.086345] usbcore: registered new interface driver usb-storage
Jan 25 14:38:05 vyos kernel: [   18.348479] EXT4-fs (sda3): re-mounted b039fb29-e7d6-415b-8f82-076e7e22105a r/w. Quota mode: disabled.
Jan 25 14:38:05 vyos kernel: [   20.905601] fuse: init (API version 7.39)
Jan 25 14:38:05 vyos kernel: [   21.110660] bridge: filtering via arp/ip/ip6tables is no longer available by default. Update your scripts to load br_netfilter if you need this.
Jan 25 14:38:05 vyos kernel: [   21.144714] Bridge firewalling registered
Jan 25 14:38:05 vyos kernel: [   22.330155] input: Power Button as /devices/LNXSYSTM:00/LNXPWRBN:00/input/input4
Jan 25 14:38:05 vyos kernel: [   22.344308] ACPI: button: Power Button [PWRF]
Jan 25 14:38:05 vyos kernel: [   22.344357] input: Sleep Button as /devices/LNXSYSTM:00/LNXSLPBN:00/input/input5
Jan 25 14:38:05 vyos kernel: [   22.344477] ACPI: button: Sleep Button [SLPF]
Jan 25 14:38:05 vyos kernel: [   22.361075] sd 0:0:0:0: Attached scsi generic sg0 type 0
Jan 25 14:38:05 vyos kernel: [   22.361156] sr 2:0:0:0: Attached scsi generic sg1 type 5
Jan 25 14:38:05 vyos kernel: [   22.693038] input: PC Speaker as /devices/platform/pcspkr/input/input6
Jan 25 14:38:05 vyos kernel: [   23.108061] RAPL PMU: API unit is 2^-32 Joules, 0 fixed counters, 335544320 ms ovfl timer
Jan 25 14:38:05 vyos kernel: [   23.142277] cryptd: max_cpu_qlen set to 1000
Jan 25 14:38:05 vyos kernel: [   23.277151] SSE version of gcm_enc/dec engaged.
Jan 25 14:38:05 vyos kernel: [   26.206242] e1000 0000:00:0a.0 eth3: renamed from e5
Jan 25 14:38:05 vyos kernel: [   26.216163] e1000 0000:00:09.0 eth2: renamed from e4
Jan 25 14:38:05 vyos kernel: [   26.232170] e1000 0000:00:08.0 eth1: renamed from e3
Jan 25 14:38:05 vyos kernel: [   26.237552] e1000 0000:00:03.0 eth0: renamed from e2
Jan 25 14:38:05 vyos kernel: [   27.461002] Process accounting resumed
Jan 25 14:38:05 vyos systemd[1]: Started atop.service - Atop advanced performance monitor.
Jan 25 14:38:05 vyos kernel: [   27.521555] process '/usr/sbin/netplugd' started with executable stack
Jan 25 14:38:05 vyos sh[902]: file /var/log/atop/atop.log exists but does not contain raw atop output (wrong magic number)
Jan 25 14:38:05 vyos systemd[1]: atop.service: Main process exited, code=exited, status=7/NOTRUNNING
Jan 25 14:38:05 vyos systemd[1]: atop.service: Failed with result 'exit-code'.
Jan 25 14:38:08 vyos systemd[1]: vyos-grub-update.service: Deactivated successfully.
Jan 25 14:38:08 vyos systemd[1]: Finished vyos-grub-update.service - Update GRUB loader configuration structure.
Jan 25 14:38:08 vyos systemd[1]: Started vyos-router.service - VyOS Router.
Jan 25 14:38:08 vyos systemd[1]: Starting systemd-user-sessions.service - Permit User Sessions...
Jan 25 14:38:08 vyos systemd[1]: Finished systemd-user-sessions.service - Permit User Sessions.
Jan 25 14:38:08 vyos netplug[894]: Warning: Could not probe for any interfaces
Jan 25 14:38:08 vyos systemd[1]: Started getty@tty1.service - Getty on tty1.
Jan 25 14:38:08 vyos systemd[1]: Reached target getty.target - Login Prompts.
Jan 25 14:38:08 vyos systemd[1]: Started netplug.service - LSB: Brings up/down network automatically.
Jan 25 14:38:08 vyos podman[873]: time="2024-01-25T14:38:08Z" level=info msg="/usr/bin/podman filtering at log level info"
Jan 25 14:38:09 vyos podman[872]: 2024-01-25 14:38:09.055174624 +0000 UTC m=+2.126730679 system refresh
Jan 25 14:38:09 vyos systemd[1]: usr-lib-live-mount-persistence-container-storage-overlay.mount: Deactivated successfully.
Jan 25 14:38:09 vyos podman[873]: time="2024-01-25T14:38:09Z" level=info msg="Setting parallel job count to 4"
Jan 25 14:38:09 vyos podman[873]: time="2024-01-25T14:38:09Z" level=info msg="Using systemd socket activation to determine API endpoint"
Jan 25 14:38:09 vyos podman[873]: time="2024-01-25T14:38:09Z" level=info msg="API service listening on \"/run/podman/podman.sock\". URI: \"/run/podman/podman.sock\""
Jan 25 14:38:09 vyos systemd[1]: podman-clean-transient.service: Deactivated successfully.
Jan 25 14:38:09 vyos systemd[1]: Finished podman-clean-transient.service - Clean up podman transient data.
Jan 25 14:38:11 vyos vyos-router[972]: Waiting for NICs to settle down: settled in 0sec..
Jan 25 14:38:11 vyos systemd[1]: Started atop.service - Atop advanced performance monitor.
Jan 25 14:38:11 vyos systemd[1]: e2scrub_reap.service: Deactivated successfully.
Jan 25 14:38:11 vyos systemd[1]: Finished e2scrub_reap.service - Remove Stale Online ext4 Metadata Check Snapshots.
Jan 25 14:38:11 vyos systemd[1]: Reached target multi-user.target - Multi-User System.
Jan 25 14:38:11 vyos systemd[1]: Reached target graphical.target - Graphical Interface.
Jan 25 14:38:11 vyos systemd[1]: Reached target vyos.target - VyOS target.
Jan 25 14:38:12 vyos systemd[1]: Starting systemd-update-utmp-runlevel.service - Record Runlevel Change in UTMP...
Jan 25 14:38:12 vyos systemd[1]: systemd-update-utmp-runlevel.service: Deactivated successfully.
Jan 25 14:38:12 vyos systemd[1]: Finished systemd-update-utmp-runlevel.service - Record Runlevel Change in UTMP.
Jan 25 14:38:12 vyos systemd[1]: logrotate.service: Deactivated successfully.
Jan 25 14:38:12 vyos systemd[1]: Finished logrotate.service - Rotate log files.
Jan 25 14:38:12 vyos systemd[1]: Startup finished in 19.098s (kernel) + 14.541s (userspace) = 33.639s.
Jan 25 14:38:12 vyos systemd[1]: Reloading.
Jan 25 14:38:12 vyos kernel: [   34.560025] systemd[1]: memfd_create() called without MFD_EXEC or MFD_NOEXEC_SEAL set
Jan 25 14:38:13 vyos systemd[1]: Reloading.
Jan 25 14:38:14 vyos systemd[1]: usr-lib-live-mount-persistence-container-storage-overlay.mount: Deactivated successfully.
Jan 25 14:38:14 vyos systemd[1]: podman.service: Deactivated successfully.
Jan 25 14:38:14 vyos systemd[1]: Reloading.
Jan 25 14:38:15 vyos dbus-daemon[869]: [system] Activating via systemd: service name='org.freedesktop.locale1' unit='dbus-org.freedesktop.locale1.service' requested by ':1.2' (uid=0 pid=1207 comm="localectl set-locale LC_TIME=en_US.UTF-8")
Jan 25 14:38:15 vyos systemd[1]: Starting systemd-localed.service - Locale Service...
Jan 25 14:38:15 vyos dbus-daemon[869]: [system] Successfully activated service 'org.freedesktop.locale1'
Jan 25 14:38:15 vyos systemd[1]: Started systemd-localed.service - Locale Service.
Jan 25 14:38:16 vyos systemd[1]: var-lib-containers-storage-overlay.mount: Deactivated successfully.
Jan 25 14:38:16 vyos systemd[1]: Reloading.
Jan 25 14:38:17 vyos vyos-router[972]: Mounting VyOS Config...done.
Jan 25 14:38:17 vyos dbus-daemon[869]: [system] Activating via systemd: service name='org.freedesktop.hostname1' unit='dbus-org.freedesktop.hostname1.service' requested by ':1.4' (uid=0 pid=1292 comm="hostnamectl set-hostname --static vyos")
Jan 25 14:38:17 vyos systemd[1]: Starting systemd-hostnamed.service - Hostname Service...
Jan 25 14:38:17 vyos dbus-daemon[869]: [system] Successfully activated service 'org.freedesktop.hostname1'
Jan 25 14:38:17 vyos systemd[1]: Started systemd-hostnamed.service - Hostname Service.
Jan 25 14:38:17 vyos systemd[1]: Starting frr.service - FRRouting...
Jan 25 14:38:17 vyos frrinit.sh[1302]: Starting watchfrr with command: '  /usr/lib/frr/watchfrr  -d  -F traditional   zebra mgmtd bgpd ripd ripngd ospfd ospf6d isisd babeld pim6d ldpd staticd bfdd'.
Jan 25 14:38:18 vyos watchfrr[1311]: [T83RR-8SM5G] watchfrr 9.0.2 starting: vty@0
Jan 25 14:38:18 vyos watchfrr[1311]: [ZCJ3S-SPH5S] zebra state -> down : initial connection attempt failed
Jan 25 14:38:18 vyos watchfrr[1311]: [ZCJ3S-SPH5S] mgmtd state -> down : initial connection attempt failed
Jan 25 14:38:18 vyos watchfrr[1311]: [ZCJ3S-SPH5S] bgpd state -> down : initial connection attempt failed
Jan 25 14:38:18 vyos watchfrr[1311]: [ZCJ3S-SPH5S] ripd state -> down : initial connection attempt failed
Jan 25 14:38:18 vyos watchfrr[1311]: [ZCJ3S-SPH5S] ripngd state -> down : initial connection attempt failed
Jan 25 14:38:18 vyos watchfrr[1311]: [ZCJ3S-SPH5S] isisd state -> down : initial connection attempt failed
Jan 25 14:38:18 vyos watchfrr[1311]: [ZCJ3S-SPH5S] ospfd state -> down : initial connection attempt failed
Jan 25 14:38:18 vyos watchfrr[1311]: [ZCJ3S-SPH5S] ospf6d state -> down : initial connection attempt failed
Jan 25 14:38:18 vyos watchfrr[1311]: [ZCJ3S-SPH5S] babeld state -> down : initial connection attempt failed
Jan 25 14:38:18 vyos watchfrr[1311]: [ZCJ3S-SPH5S] pim6d state -> down : initial connection attempt failed
Jan 25 14:38:18 vyos watchfrr[1311]: [ZCJ3S-SPH5S] ldpd state -> down : initial connection attempt failed
Jan 25 14:38:18 vyos watchfrr[1311]: [ZCJ3S-SPH5S] staticd state -> down : initial connection attempt failed
Jan 25 14:38:18 vyos watchfrr[1311]: [ZCJ3S-SPH5S] bfdd state -> down : initial connection attempt failed
Jan 25 14:38:18 vyos watchfrr[1311]: [YFT0P-5Q5YX] Forked background command [pid 1312]: /usr/lib/frr/watchfrr.sh restart all
Jan 25 14:38:18 vyos kernel: [   40.732689] pim6reg: entered allmulticast mode
Jan 25 14:38:19 vyos (udev-worker)[1246]: Network interface NamePolicy= disabled on kernel command line.
Jan 25 14:38:19 vyos kernel: [   41.040821] NET: Registered PF_PACKET protocol family
Jan 25 14:38:19 vyos frrinit.sh[1384]: [1384|mgmtd] sending configuration
Jan 25 14:38:19 vyos frrinit.sh[1384]: [1384|mgmtd] done
Jan 25 14:38:19 vyos mgmtd[1335]: [VTVCM-Y2NW3] Configuration Read in Took: 00:00:00
Jan 25 14:38:19 vyos mgmtd[1335]: [G6NKK-8C6DV] end_config: VTY:0x5576b9633980, pending SET-CFG: 0
Jan 25 14:38:19 vyos frrinit.sh[1385]: [1385|zebra] sending configuration
Jan 25 14:38:19 vyos frrinit.sh[1385]: [1385|zebra] done
Jan 25 14:38:19 vyos zebra[1330]: [VTVCM-Y2NW3] Configuration Read in Took: 00:00:00
Jan 25 14:38:19 vyos frrinit.sh[1386]: [1386|ripd] sending configuration
Jan 25 14:38:19 vyos zebra[1330]: [G6NKK-8C6DV] end_config: VTY:0x5579dc1a6a80, pending SET-CFG: 0
Jan 25 14:38:19 vyos systemd[1]: Started frr.service - FRRouting.
Jan 25 14:38:19 vyos frrinit.sh[1387]: [1387|ripngd] sending configuration
Jan 25 14:38:19 vyos ripngd[1347]: [VTVCM-Y2NW3] Configuration Read in Took: 00:00:00
Jan 25 14:38:19 vyos frrinit.sh[1388]: [1388|ospfd] sending configuration
Jan 25 14:38:19 vyos ripngd[1347]: [G6NKK-8C6DV] end_config: VTY:0x558dea8f6930, pending SET-CFG: 0
Jan 25 14:38:19 vyos frrinit.sh[1389]: [1389|ospf6d] sending configuration
Jan 25 14:38:19 vyos ripd[1344]: [VTVCM-Y2NW3] Configuration Read in Took: 00:00:00
Jan 25 14:38:19 vyos frrinit.sh[1387]: [1387|ripngd] done
Jan 25 14:38:19 vyos ripd[1344]: [G6NKK-8C6DV] end_config: VTY:0x55a85263be00, pending SET-CFG: 0
Jan 25 14:38:19 vyos frrinit.sh[1386]: [1386|ripd] done
Jan 25 14:38:19 vyos ospfd[1350]: [VTVCM-Y2NW3] Configuration Read in Took: 00:00:00
Jan 25 14:38:19 vyos frrinit.sh[1390]: [1390|ldpd] sending configuration
Jan 25 14:38:19 vyos ospfd[1350]: [G6NKK-8C6DV] end_config: VTY:0x556e1439a120, pending SET-CFG: 0
Jan 25 14:38:19 vyos frrinit.sh[1388]: [1388|ospfd] done
Jan 25 14:38:19 vyos ldpd[1371]: [VTVCM-Y2NW3] Configuration Read in Took: 00:00:00
Jan 25 14:38:19 vyos frrinit.sh[1390]: [1390|ldpd] done
Jan 25 14:38:19 vyos ldpd[1371]: [G6NKK-8C6DV] end_config: VTY:0x558cd3194190, pending SET-CFG: 0
Jan 25 14:38:19 vyos frrinit.sh[1391]: [1391|bgpd] sending configuration
Jan 25 14:38:19 vyos isisd[1357]: [VTVCM-Y2NW3] Configuration Read in Took: 00:00:00
Jan 25 14:38:19 vyos frrinit.sh[1392]: [1392|isisd] sending configuration
Jan 25 14:38:19 vyos frrinit.sh[1392]: [1392|isisd] done
Jan 25 14:38:19 vyos isisd[1357]: [G6NKK-8C6DV] end_config: VTY:0x55f56724d630, pending SET-CFG: 0
Jan 25 14:38:19 vyos frrinit.sh[1391]: [1391|bgpd] done
Jan 25 14:38:19 vyos bgpd[1337]: [VTVCM-Y2NW3] Configuration Read in Took: 00:00:00
Jan 25 14:38:19 vyos frrinit.sh[1396]: [1396|babeld] sending configuration
Jan 25 14:38:19 vyos bgpd[1337]: [G6NKK-8C6DV] end_config: VTY:0x55a7f4cb8d20, pending SET-CFG: 0
Jan 25 14:38:19 vyos frrinit.sh[1389]: [1389|ospf6d] done
Jan 25 14:38:19 vyos ospf6d[1353]: [VTVCM-Y2NW3] Configuration Read in Took: 00:00:00
Jan 25 14:38:19 vyos frrinit.sh[1399]: [1399|watchfrr] sending configuration
Jan 25 14:38:19 vyos ospf6d[1353]: [G6NKK-8C6DV] end_config: VTY:0x559d58af7bb0, pending SET-CFG: 0
Jan 25 14:38:19 vyos frrinit.sh[1383]: Waiting for children to finish applying config...
Jan 25 14:38:19 vyos babeld[1360]: [VTVCM-Y2NW3] Configuration Read in Took: 00:00:00
Jan 25 14:38:19 vyos frrinit.sh[1401]: [1401|staticd] sending configuration
Jan 25 14:38:19 vyos babeld[1360]: [G6NKK-8C6DV] end_config: VTY:0x56406ebc7160, pending SET-CFG: 0
Jan 25 14:38:19 vyos frrinit.sh[1402]: [1402|bfdd] sending configuration
Jan 25 14:38:19 vyos frrinit.sh[1402]: [1402|bfdd] done
Jan 25 14:38:19 vyos bfdd[1381]: [VTVCM-Y2NW3] Configuration Read in Took: 00:00:00
Jan 25 14:38:19 vyos frrinit.sh[1399]: [1399|watchfrr] done
Jan 25 14:38:19 vyos bfdd[1381]: [G6NKK-8C6DV] end_config: VTY:0x559f0adbb170, pending SET-CFG: 0
Jan 25 14:38:19 vyos frrinit.sh[1405]: [1405|pim6d] sending configuration
Jan 25 14:38:19 vyos watchfrr[1311]: [VTVCM-Y2NW3] Configuration Read in Took: 00:00:00
Jan 25 14:38:19 vyos frrinit.sh[1401]: [1401|staticd] done
Jan 25 14:38:19 vyos staticd[1375]: [VTVCM-Y2NW3] Configuration Read in Took: 00:00:00
Jan 25 14:38:19 vyos frrinit.sh[1405]: [1405|pim6d] done
Jan 25 14:38:19 vyos staticd[1375]: [G6NKK-8C6DV] end_config: VTY:0x5602696d5ab0, pending SET-CFG: 0
Jan 25 14:38:19 vyos frrinit.sh[1396]: [1396|babeld] done
Jan 25 14:38:19 vyos pim6d[1363]: [VTVCM-Y2NW3] Configuration Read in Took: 00:00:00
Jan 25 14:38:19 vyos frrinit.sh[1302]: Started watchfrr.
Jan 25 14:38:19 vyos pim6d[1363]: [G6NKK-8C6DV] end_config: VTY:0x564bdbf51630, pending SET-CFG: 0
Jan 25 14:38:19 vyos watchfrr[1311]: [QDG3Y-BY5TN] zebra state -> up : connect succeeded
Jan 25 14:38:19 vyos watchfrr[1311]: [QDG3Y-BY5TN] mgmtd state -> up : connect succeeded
Jan 25 14:38:19 vyos watchfrr[1311]: [QDG3Y-BY5TN] bgpd state -> up : connect succeeded
Jan 25 14:38:19 vyos watchfrr[1311]: [QDG3Y-BY5TN] ripd state -> up : connect succeeded
Jan 25 14:38:19 vyos watchfrr[1311]: [QDG3Y-BY5TN] ripngd state -> up : connect succeeded
Jan 25 14:38:19 vyos watchfrr[1311]: [QDG3Y-BY5TN] ospfd state -> up : connect succeeded
Jan 25 14:38:19 vyos watchfrr[1311]: [QDG3Y-BY5TN] ospf6d state -> up : connect succeeded
Jan 25 14:38:19 vyos watchfrr[1311]: [QDG3Y-BY5TN] isisd state -> up : connect succeeded
Jan 25 14:38:19 vyos watchfrr[1311]: [QDG3Y-BY5TN] babeld state -> up : connect succeeded
Jan 25 14:38:19 vyos watchfrr[1311]: [QDG3Y-BY5TN] pim6d state -> up : connect succeeded
Jan 25 14:38:19 vyos watchfrr[1311]: [QDG3Y-BY5TN] ldpd state -> up : connect succeeded
Jan 25 14:38:19 vyos watchfrr[1311]: [QDG3Y-BY5TN] staticd state -> up : connect succeeded
Jan 25 14:38:19 vyos watchfrr[1311]: [QDG3Y-BY5TN] bfdd state -> up : connect succeeded
Jan 25 14:38:19 vyos watchfrr[1311]: [KWE5Q-QNGFC] all daemons up, doing startup-complete notify
Jan 25 14:38:19 vyos systemd[1]: Reached target network.target - Network.
Jan 25 14:38:20 vyos vyos-configd[710]: Received message: {"type": "init"}
Jan 25 14:38:20 vyos vyos-configd[710]: config session pid is 1433
Jan 25 14:38:20 vyos vyos-configd[710]: Received message: {"type": "node", "data": "/usr/libexec/vyos/conf_mode/system_host-name.py"}
Jan 25 14:38:20 vyos vyos-hostsd[711]: Request data: {"type": "host_name", "op": "set", "data": {"host_name": "vyos", "domain_name": ""}}
Jan 25 14:38:20 vyos vyos-hostsd[711]: Saving state to /run/vyos-hostsd/vyos-hostsd.state
Jan 25 14:38:20 vyos vyos-hostsd[711]: Sent response: {'data': None}
Jan 25 14:38:20 vyos vyos-hostsd[711]: Request data: {"type": "search_domains", "op": "delete", "data": ["system"]}
Jan 25 14:38:20 vyos vyos-hostsd[711]: Saving state to /run/vyos-hostsd/vyos-hostsd.state
Jan 25 14:38:20 vyos vyos-hostsd[711]: Sent response: {'data': None}
Jan 25 14:38:20 vyos vyos-hostsd[711]: Request data: {"type": "name_servers", "op": "delete", "data": ["system"]}
Jan 25 14:38:20 vyos vyos-hostsd[711]: Saving state to /run/vyos-hostsd/vyos-hostsd.state
Jan 25 14:38:20 vyos vyos-hostsd[711]: Sent response: {'data': None}
Jan 25 14:38:20 vyos vyos-hostsd[711]: Request data: {"type": "name_server_tags_system", "op": "get"}
Jan 25 14:38:20 vyos vyos-hostsd[711]: Saving state to /run/vyos-hostsd/vyos-hostsd.state
Jan 25 14:38:20 vyos vyos-hostsd[711]: Sent response: {'data': []}
Jan 25 14:38:20 vyos vyos-hostsd[711]: Request data: {"type": "name_server_tags_system", "op": "delete", "data": []}
Jan 25 14:38:20 vyos vyos-hostsd[711]: Saving state to /run/vyos-hostsd/vyos-hostsd.state
Jan 25 14:38:20 vyos vyos-hostsd[711]: Sent response: {'data': None}
Jan 25 14:38:20 vyos vyos-hostsd[711]: Request data: {"type": "name_server_tags_system", "op": "add", "data": ["system"]}
Jan 25 14:38:20 vyos vyos-hostsd[711]: Saving state to /run/vyos-hostsd/vyos-hostsd.state
Jan 25 14:38:20 vyos vyos-hostsd[711]: Sent response: {'data': None}
Jan 25 14:38:20 vyos vyos-hostsd[711]: Request data: {"type": "hosts", "op": "delete", "data": ["system"]}
Jan 25 14:38:20 vyos vyos-hostsd[711]: Saving state to /run/vyos-hostsd/vyos-hostsd.state
Jan 25 14:38:20 vyos vyos-hostsd[711]: Sent response: {'data': None}
Jan 25 14:38:20 vyos vyos-hostsd[711]: Request data: {"op": "apply"}
Jan 25 14:38:20 vyos vyos-hostsd[711]: Applying 6 changes
Jan 25 14:38:20 vyos vyos-hostsd[711]: Writing /etc/resolv.conf
Jan 25 14:38:20 vyos vyos-hostsd[711]: Writing /etc/hosts
Jan 25 14:38:20 vyos vyos-hostsd[711]: Writing /run/powerdns/recursor.vyos-hostsd.conf.lua
Jan 25 14:38:20 vyos vyos-hostsd[711]: Writing /run/powerdns/recursor.forward-zones.conf
Jan 25 14:38:21 vyos vyos-hostsd[711]: pdns_recursor not running, not sending "reload-lua-config"
Jan 25 14:38:21 vyos vyos-hostsd[711]: pdns_recursor not running, not sending "reload-zones"
Jan 25 14:38:21 vyos vyos-hostsd[711]: Success
Jan 25 14:38:21 vyos vyos-hostsd[711]: Saving state to /run/vyos-hostsd/vyos-hostsd.state
Jan 25 14:38:21 vyos vyos-hostsd[711]: Sent response: {'data': {'message': 'Applied 6 changes'}}
Jan 25 14:38:21 vyos vyos-configd[710]: Sending response 1
Jan 25 14:38:21 vyos vyos-configd[710]: Received message: {"type": "node", "data": "/usr/libexec/vyos/conf_mode/system_console.py"}
Jan 25 14:38:21 vyos systemd[1]: Reloading.
Jan 25 14:38:21 vyos systemd[1]: Created slice system-serial\x2dgetty.slice - Slice /system/serial-getty.
Jan 25 14:38:21 vyos systemd[1]: Started serial-getty@ttyS0.service - Serial Getty on ttyS0.
Jan 25 14:38:21 vyos vyos-configd[710]: Sending response 1
Jan 25 14:38:21 vyos vyos-configd[710]: Received message: {"type": "node", "data": "/usr/libexec/vyos/conf_mode/system_conntrack.py"}
Jan 25 14:38:21 vyos vyos-configd[710]: Sending response 1
Jan 25 14:38:22 vyos vyos-configd[710]: Received message: {"type": "node", "data": "/usr/libexec/vyos/conf_mode/nat.py"}
Jan 25 14:38:22 vyos vyos-configd[710]: Sending response 1
Jan 25 14:38:22 vyos vyos-configd[710]: Received message: {"type": "node", "data": "VYOS_TAGNODE_VALUE=lo/usr/libexec/vyos/conf_mode/interfaces_loopback.py"}
Jan 25 14:38:23 vyos vyos-configd[710]: Sending response 1
Jan 25 14:38:23 vyos vyos-configd[710]: Received message: {"type": "node", "data": "VYOS_TAGNODE_VALUE=eth1/usr/libexec/vyos/conf_mode/interfaces_ethernet.py"}
Jan 25 14:38:23 vyos kernel: [   45.357571] IPv4: martian source 172.18.1.1 from 172.18.1.1, on dev eth1
Jan 25 14:38:23 vyos kernel: [   45.357577] ll header: 00000000: ff ff ff ff ff ff 52 54 00 12 35 00 08 06
Jan 25 14:38:23 vyos kernel: [   45.368456] e1000: eth1 NIC Link is Up 1000 Mbps Full Duplex, Flow Control: RX
Jan 25 14:38:23 vyos netplugd[984]: eth1: state DOWN flags 0x00001002 BROADCAST,MULTICAST -> 0x00001003 UP,BROADCAST,MULTICAST
Jan 25 14:38:23 vyos netplugd[984]: eth1: state INACTIVE flags 0x00001003 UP,BROADCAST,MULTICAST -> 0x00011043 UP,BROADCAST,RUNNING,MULTICAST,10000
Jan 25 14:38:23 vyos netplugd[1690]: /etc/netplug/netplug eth1 in -> pid 1690
Jan 25 14:38:23 vyos vyos-configd[710]: Sending response 1
Jan 25 14:38:24 vyos vyos-configd[710]: Received message: {"type": "node", "data": "VYOS_TAGNODE_VALUE=eth0/usr/libexec/vyos/conf_mode/interfaces_ethernet.py"}
Jan 25 14:38:24 vyos netplugd[984]: eth1: state INNING pid 1690 exited status 256
Jan 25 14:38:24 vyos systemd[1]: Reloading.
Jan 25 14:38:25 vyos systemd[1]: Starting e2scrub_all.service - Online ext4 Metadata Check for All Filesystems...
Jan 25 14:38:25 vyos systemd[1]: e2scrub_all.service: Deactivated successfully.
Jan 25 14:38:25 vyos systemd[1]: Finished e2scrub_all.service - Online ext4 Metadata Check for All Filesystems.
Jan 25 14:38:25 vyos systemd[1]: Created slice system-dhclient.slice - Slice /system/dhclient.
Jan 25 14:38:25 vyos systemd[1]: Starting dhclient@eth0.service - DHCP client on eth0...
Jan 25 14:38:25 vyos systemd[1]: Started dhclient@eth0.service - DHCP client on eth0.
Jan 25 14:38:25 vyos dhclient[1771]: Internet Systems Consortium DHCP Client 4.4.3-P1
Jan 25 14:38:25 vyos dhclient[1771]: Internet Systems Consortium DHCP Client 4.4.3-P1
Jan 25 14:38:25 vyos dhclient[1771]: Copyright 2004-2022 Internet Systems Consortium.
Jan 25 14:38:25 vyos dhclient[1771]: Copyright 2004-2022 Internet Systems Consortium.
Jan 25 14:38:25 vyos dhclient[1771]: All rights reserved.
Jan 25 14:38:25 vyos dhclient[1771]: For info, please visit https://www.isc.org/software/dhcp/
Jan 25 14:38:25 vyos dhclient[1771]: All rights reserved.
Jan 25 14:38:25 vyos dhclient[1771]: For info, please visit https://www.isc.org/software/dhcp/
Jan 25 14:38:25 vyos dhclient[1771]: 
Jan 25 14:38:25 vyos kernel: [   47.267055] e1000: eth0 NIC Link is Up 1000 Mbps Full Duplex, Flow Control: RX
Jan 25 14:38:25 vyos netplugd[984]: eth0: state DOWN flags 0x00001002 BROADCAST,MULTICAST -> 0x00001003 UP,BROADCAST,MULTICAST
Jan 25 14:38:25 vyos dhclient-script-vyos[1776]: Current dhclient PID: 1771, Parent PID: 1, IP version: 4, All dhclients for interface eth0: 1771
Jan 25 14:38:25 vyos netplugd[984]: eth0: state INACTIVE flags 0x00001003 UP,BROADCAST,MULTICAST -> 0x00011043 UP,BROADCAST,RUNNING,MULTICAST,10000
Jan 25 14:38:25 vyos netplugd[1801]: /etc/netplug/netplug eth0 in -> pid 1801
Jan 25 14:38:25 vyos dhclient-script-vyos[1776]: Passing command to /usr/sbin/ip: "link set dev eth0 up"
Jan 25 14:38:25 vyos vyos-configd[710]: Sending response 1
Jan 25 14:38:25 vyos dhclient-script-vyos[1776]: No changes to apply via vyos-hostsd-client
Jan 25 14:38:26 vyos vyos-configd[710]: Received message: {"type": "node", "data": "VYOS_TAGNODE_VALUE=eth3/usr/libexec/vyos/conf_mode/interfaces_ethernet.py"}
Jan 25 14:38:26 vyos dhclient[1771]: Listening on LPF/eth0/08:00:27:ce:db:cd
Jan 25 14:38:26 vyos dhclient[1771]: Listening on LPF/eth0/08:00:27:ce:db:cd
Jan 25 14:38:26 vyos dhclient[1771]: Sending on   LPF/eth0/08:00:27:ce:db:cd
Jan 25 14:38:26 vyos dhclient[1771]: Sending on   Socket/fallback
Jan 25 14:38:26 vyos dhclient[1771]: DHCPDISCOVER on eth0 to 255.255.255.255 port 67 interval 3
Jan 25 14:38:26 vyos dhclient[1771]: Sending on   LPF/eth0/08:00:27:ce:db:cd
Jan 25 14:38:26 vyos dhclient[1771]: Sending on   Socket/fallback
Jan 25 14:38:26 vyos dhclient[1771]: DHCPDISCOVER on eth0 to 255.255.255.255 port 67 interval 3
Jan 25 14:38:26 vyos dhclient[1771]: DHCPOFFER of 10.0.0.2 from 10.0.0.1
Jan 25 14:38:26 vyos dhclient[1771]: DHCPOFFER of 10.0.0.2 from 10.0.0.1
Jan 25 14:38:26 vyos dhclient[1771]: DHCPREQUEST for 10.0.0.2 on eth0 to 255.255.255.255 port 67
Jan 25 14:38:26 vyos dhclient[1771]: DHCPREQUEST for 10.0.0.2 on eth0 to 255.255.255.255 port 67
Jan 25 14:38:26 vyos dhclient[1771]: DHCPACK of 10.0.0.2 from 10.0.0.1
Jan 25 14:38:26 vyos dhclient[1771]: DHCPACK of 10.0.0.2 from 10.0.0.1
Jan 25 14:38:26 vyos dhclient-script-vyos[1837]: Current dhclient PID: 1771, Parent PID: 1, IP version: 4, All dhclients for interface eth0: 1771
Jan 25 14:38:26 vyos dhclient-script-vyos[1837]: Passing command to /usr/sbin/ip: "-4 addr add 10.0.0.2/255.0.0.0 broadcast 10.255.255.255 valid_lft 600 preferred_lft 600 dev eth0 label eth0"
Jan 25 14:38:26 vyos netplugd[984]: eth0: state INNING pid 1801 exited status 256
Jan 25 14:38:26 vyos dhclient-script-vyos[1837]: No changes to apply via vyos-hostsd-client
Jan 25 14:38:26 vyos dhclient-script-vyos[1837]: No changes to apply via vyos-hostsd-client
Jan 25 14:38:26 vyos dhclient[1771]: bound to 10.0.0.2 -- renewal in 296 seconds.
Jan 25 14:38:27 vyos kernel: [   48.771104] IPv4: martian source 172.18.3.1 from 172.18.3.1, on dev eth3
Jan 25 14:38:27 vyos kernel: [   48.771110] ll header: 00000000: ff ff ff ff ff ff 52 54 00 12 35 00 08 06
Jan 25 14:38:27 vyos kernel: [   48.796180] e1000: eth3 NIC Link is Up 1000 Mbps Full Duplex, Flow Control: RX
Jan 25 14:38:26 vyos dhclient[1771]: bound to 10.0.0.2 -- renewal in 296 seconds.
Jan 25 14:38:27 vyos netplugd[984]: eth3: state DOWN flags 0x00001002 BROADCAST,MULTICAST -> 0x00001003 UP,BROADCAST,MULTICAST
Jan 25 14:38:27 vyos netplugd[984]: eth3: state INACTIVE flags 0x00001003 UP,BROADCAST,MULTICAST -> 0x00011043 UP,BROADCAST,RUNNING,MULTICAST,10000
Jan 25 14:38:27 vyos netplugd[1911]: /etc/netplug/netplug eth3 in -> pid 1911
Jan 25 14:38:27 vyos vyos-configd[710]: Sending response 1
Jan 25 14:38:27 vyos vyos-configd[710]: Received message: {"type": "node", "data": "VYOS_TAGNODE_VALUE=eth2/usr/libexec/vyos/conf_mode/interfaces_ethernet.py"}
Jan 25 14:38:27 vyos netplugd[984]: eth3: state INNING pid 1911 exited status 256
Jan 25 14:38:27 vyos kernel: [   49.599702] IPv4: martian source 172.18.2.1 from 172.18.2.1, on dev eth2
Jan 25 14:38:27 vyos kernel: [   49.599708] ll header: 00000000: ff ff ff ff ff ff 52 54 00 12 35 00 08 06
Jan 25 14:38:27 vyos netplugd[984]: eth2: state DOWN flags 0x00001002 BROADCAST,MULTICAST -> 0x00001003 UP,BROADCAST,MULTICAST
Jan 25 14:38:27 vyos kernel: [   49.623238] e1000: eth2 NIC Link is Up 1000 Mbps Full Duplex, Flow Control: RX
Jan 25 14:38:27 vyos netplugd[984]: eth2: state INACTIVE flags 0x00001003 UP,BROADCAST,MULTICAST -> 0x00011043 UP,BROADCAST,RUNNING,MULTICAST,10000
Jan 25 14:38:27 vyos netplugd[1972]: /etc/netplug/netplug eth2 in -> pid 1972
Jan 25 14:38:27 vyos vyos-configd[710]: Sending response 1
Jan 25 14:38:28 vyos vyos-configd[710]: Received message: {"type": "node", "data": "/usr/libexec/vyos/conf_mode/system_syslog.py"}
Jan 25 14:38:28 vyos systemd[1]: Reloading.
Jan 25 14:38:28 vyos netplugd[984]: eth2: state INNING pid 1972 exited status 256
Jan 25 14:38:28 vyos rsyslogd: [origin software="rsyslogd" swVersion="8.2302.0" x-pid="875" x-info="https://www.rsyslog.com"] exiting on signal 15.
Jan 25 14:38:28 vyos systemd[1]: Stopping rsyslog.service - System Logging Service...
Jan 25 14:38:28 vyos systemd[1]: rsyslog.service: Deactivated successfully.
Jan 25 14:38:28 vyos systemd[1]: Stopped rsyslog.service - System Logging Service.
Jan 25 14:38:28 vyos systemd[1]: Starting rsyslog.service - System Logging Service...
Jan 25 14:38:28 vyos systemd[1]: Started rsyslog.service - System Logging Service.
Jan 25 14:38:28 vyos vyos-configd[710]: Sending response 1
Jan 25 14:38:28 vyos rsyslogd: imuxsock: Acquired UNIX socket '/run/systemd/journal/syslog' (fd 3) from systemd.  [v8.2302.0]
Jan 25 14:38:28 vyos rsyslogd: [origin software="rsyslogd" swVersion="8.2302.0" x-pid="2017" x-info="https://www.rsyslog.com"] start
Jan 25 14:38:28 vyos vyos-configd[710]: Received message: {"type": "node", "data": "/usr/libexec/vyos/conf_mode/system_config-management.py"}
Jan 25 14:38:28 vyos vyos-configd[710]: Sending response 1
Jan 25 14:38:28 vyos vyos-configd[710]: Received message: {"type": "node", "data": "/usr/libexec/vyos/conf_mode/system_login.py"}
Jan 25 14:38:28 vyos vyos-configd[710]: Sending response 8
Jan 25 14:38:30 vyos vyos-configd[710]: Received message: {"type": "node", "data": "/usr/libexec/vyos/conf_mode/service_ntp.py"}
Jan 25 14:38:30 vyos systemd[1]: Reloading.
Jan 25 14:38:30 vyos systemd[1]: Reached target time-set.target - System Time Set.
Jan 25 14:38:30 vyos systemd[1]: Starting chrony.service - chrony, an NTP client/server...
Jan 25 14:38:30 vyos chronyd[2140]: chronyd version 4.3 starting (+CMDMON +NTP +REFCLOCK +RTC +PRIVDROP +SCFILTER +SIGND +ASYNCDNS +NTS +SECHASH +IPV6 -DEBUG)
Jan 25 14:38:30 vyos chronyd[2140]: Using right/UTC timezone to obtain leap second data
Jan 25 14:38:30 vyos chronyd[2140]: Loaded seccomp filter (level 1)
Jan 25 14:38:30 vyos systemd[1]: Started chrony.service - chrony, an NTP client/server.
Jan 25 14:38:30 vyos vyos-configd[710]: Sending response 1
Jan 25 14:38:30 vyos systemd[1]: Reached target time-sync.target - System Time Synchronized.
Jan 25 14:38:30 vyos systemd[1]: opt-vyatta-config-tmp-new_config_1433.mount: Deactivated successfully.
Jan 25 14:38:31 vyos commit: Successful change to active configuration by user root on unknown
Jan 25 14:38:31 vyos systemd[1]: opt-vyatta-config-tmp-new_config_1433.mount: Deactivated successfully.
Jan 25 14:38:31 vyos vyos-router[972]: Starting VyOS router: migrate configure.
Jan 25 14:38:31 vyos systemd[1]: Reloading.
Jan 25 14:38:32 vyos vyos-config[983]: Configuration success
Jan 25 14:38:32 vyos agetty[2209]: /dev/ttyS0: not a tty
Jan 25 14:38:42 vyos systemd[1]: serial-getty@ttyS0.service: Deactivated successfully.
Jan 25 14:38:42 vyos systemd[1]: serial-getty@ttyS0.service: Scheduled restart job, restart counter is at 1.
Jan 25 14:38:42 vyos systemd[1]: Stopped serial-getty@ttyS0.service - Serial Getty on ttyS0.
Jan 25 14:38:42 vyos systemd[1]: Started serial-getty@ttyS0.service - Serial Getty on ttyS0.
Jan 25 14:38:42 vyos agetty[2213]: /dev/ttyS0: not a tty
Jan 25 14:38:45 vyos systemd[1]: systemd-localed.service: Deactivated successfully.
Jan 25 14:38:51 vyos systemd[1]: systemd-hostnamed.service: Deactivated successfully.
Jan 25 14:38:52 vyos systemd[1]: serial-getty@ttyS0.service: Deactivated successfully.
Jan 25 14:38:52 vyos systemd[1]: serial-getty@ttyS0.service: Scheduled restart job, restart counter is at 2.
Jan 25 14:38:52 vyos systemd[1]: Stopped serial-getty@ttyS0.service - Serial Getty on ttyS0.
Jan 25 14:38:52 vyos systemd[1]: Started serial-getty@ttyS0.service - Serial Getty on ttyS0.
Jan 25 14:38:52 vyos agetty[2220]: /dev/ttyS0: not a tty
Jan 25 14:39:02 vyos systemd[1]: serial-getty@ttyS0.service: Deactivated successfully.
Jan 25 14:39:02 vyos systemd[1]: serial-getty@ttyS0.service: Scheduled restart job, restart counter is at 3.
Jan 25 14:39:02 vyos systemd[1]: Stopped serial-getty@ttyS0.service - Serial Getty on ttyS0.
Jan 25 14:39:02 vyos systemd[1]: Started serial-getty@ttyS0.service - Serial Getty on ttyS0.
Jan 25 14:39:02 vyos agetty[2226]: /dev/ttyS0: not a tty
Jan 25 14:39:12 vyos systemd[1]: serial-getty@ttyS0.service: Deactivated successfully.
Jan 25 14:39:13 vyos systemd[1]: serial-getty@ttyS0.service: Scheduled restart job, restart counter is at 4.
Jan 25 14:39:13 vyos systemd[1]: Stopped serial-getty@ttyS0.service - Serial Getty on ttyS0.
Jan 25 14:39:13 vyos systemd[1]: Started serial-getty@ttyS0.service - Serial Getty on ttyS0.
Jan 25 14:39:13 vyos agetty[2229]: /dev/ttyS0: not a tty
Jan 25 14:39:23 vyos systemd[1]: serial-getty@ttyS0.service: Deactivated successfully.
Jan 25 14:39:23 vyos systemd[1]: serial-getty@ttyS0.service: Scheduled restart job, restart counter is at 5.
Jan 25 14:39:23 vyos systemd[1]: Stopped serial-getty@ttyS0.service - Serial Getty on ttyS0.
Jan 25 14:39:23 vyos systemd[1]: Started serial-getty@ttyS0.service - Serial Getty on ttyS0.
Jan 25 14:39:23 vyos agetty[2232]: /dev/ttyS0: not a tty
Jan 25 14:39:33 vyos systemd[1]: serial-getty@ttyS0.service: Deactivated successfully.
Jan 25 14:39:33 vyos systemd[1]: serial-getty@ttyS0.service: Scheduled restart job, restart counter is at 6.
Jan 25 14:39:33 vyos systemd[1]: Stopped serial-getty@ttyS0.service - Serial Getty on ttyS0.
Jan 25 14:39:33 vyos systemd[1]: Started serial-getty@ttyS0.service - Serial Getty on ttyS0.
Jan 25 14:39:33 vyos agetty[2235]: /dev/ttyS0: not a tty
Jan 25 14:39:43 vyos systemd[1]: serial-getty@ttyS0.service: Deactivated successfully.
Jan 25 14:39:43 vyos systemd[1]: serial-getty@ttyS0.service: Scheduled restart job, restart counter is at 7.
Jan 25 14:39:43 vyos systemd[1]: Stopped serial-getty@ttyS0.service - Serial Getty on ttyS0.
Jan 25 14:39:43 vyos systemd[1]: Started serial-getty@ttyS0.service - Serial Getty on ttyS0.
Jan 25 14:39:43 vyos agetty[2238]: /dev/ttyS0: not a tty
Jan 25 14:39:53 vyos systemd[1]: serial-getty@ttyS0.service: Deactivated successfully.
Jan 25 14:39:54 vyos systemd[1]: serial-getty@ttyS0.service: Scheduled restart job, restart counter is at 8.
Jan 25 14:39:54 vyos systemd[1]: Stopped serial-getty@ttyS0.service - Serial Getty on ttyS0.
Jan 25 14:39:54 vyos systemd[1]: Started serial-getty@ttyS0.service - Serial Getty on ttyS0.
Jan 25 14:39:54 vyos agetty[2241]: /dev/ttyS0: not a tty
Jan 25 14:40:04 vyos systemd[1]: serial-getty@ttyS0.service: Deactivated successfully.
Jan 25 14:40:04 vyos systemd[1]: serial-getty@ttyS0.service: Scheduled restart job, restart counter is at 9.
Jan 25 14:40:04 vyos systemd[1]: Stopped serial-getty@ttyS0.service - Serial Getty on ttyS0.
Jan 25 14:40:04 vyos systemd[1]: Started serial-getty@ttyS0.service - Serial Getty on ttyS0.
Jan 25 14:40:04 vyos agetty[2249]: /dev/ttyS0: not a tty
Jan 25 14:40:14 vyos systemd[1]: serial-getty@ttyS0.service: Deactivated successfully.
Jan 25 14:40:14 vyos systemd[1]: serial-getty@ttyS0.service: Scheduled restart job, restart counter is at 10.
Jan 25 14:40:14 vyos systemd[1]: Stopped serial-getty@ttyS0.service - Serial Getty on ttyS0.
Jan 25 14:40:14 vyos systemd[1]: Started serial-getty@ttyS0.service - Serial Getty on ttyS0.
Jan 25 14:40:14 vyos agetty[2252]: /dev/ttyS0: not a tty
Jan 25 14:40:24 vyos systemd[1]: serial-getty@ttyS0.service: Deactivated successfully.
Jan 25 14:40:24 vyos systemd[1]: serial-getty@ttyS0.service: Scheduled restart job, restart counter is at 11.
Jan 25 14:40:24 vyos systemd[1]: Stopped serial-getty@ttyS0.service - Serial Getty on ttyS0.
Jan 25 14:40:24 vyos systemd[1]: Started serial-getty@ttyS0.service - Serial Getty on ttyS0.
Jan 25 14:40:24 vyos agetty[2255]: /dev/ttyS0: not a tty
Jan 25 14:40:34 vyos systemd[1]: serial-getty@ttyS0.service: Deactivated successfully.
Jan 25 14:40:35 vyos systemd[1]: serial-getty@ttyS0.service: Scheduled restart job, restart counter is at 12.
Jan 25 14:40:35 vyos systemd[1]: Stopped serial-getty@ttyS0.service - Serial Getty on ttyS0.
Jan 25 14:40:35 vyos systemd[1]: Started serial-getty@ttyS0.service - Serial Getty on ttyS0.
Jan 25 14:40:35 vyos agetty[2258]: /dev/ttyS0: not a tty
Jan 25 14:40:45 vyos systemd[1]: serial-getty@ttyS0.service: Deactivated successfully.
Jan 25 14:40:45 vyos systemd[1]: serial-getty@ttyS0.service: Scheduled restart job, restart counter is at 13.
Jan 25 14:40:45 vyos systemd[1]: Stopped serial-getty@ttyS0.service - Serial Getty on ttyS0.
Jan 25 14:40:45 vyos systemd[1]: Started serial-getty@ttyS0.service - Serial Getty on ttyS0.
Jan 25 14:40:45 vyos agetty[2261]: /dev/ttyS0: not a tty
Jan 25 14:40:55 vyos systemd[1]: serial-getty@ttyS0.service: Deactivated successfully.
Jan 25 14:40:55 vyos systemd[1]: serial-getty@ttyS0.service: Scheduled restart job, restart counter is at 14.
Jan 25 14:40:55 vyos systemd[1]: Stopped serial-getty@ttyS0.service - Serial Getty on ttyS0.
Jan 25 14:40:55 vyos systemd[1]: Started serial-getty@ttyS0.service - Serial Getty on ttyS0.
Jan 25 14:40:55 vyos agetty[2264]: /dev/ttyS0: not a tty
Jan 25 14:41:05 vyos systemd[1]: serial-getty@ttyS0.service: Deactivated successfully.
Jan 25 14:41:05 vyos systemd[1]: serial-getty@ttyS0.service: Scheduled restart job, restart counter is at 15.
Jan 25 14:41:05 vyos systemd[1]: Stopped serial-getty@ttyS0.service - Serial Getty on ttyS0.
Jan 25 14:41:05 vyos systemd[1]: Started serial-getty@ttyS0.service - Serial Getty on ttyS0.
Jan 25 14:41:05 vyos agetty[2267]: /dev/ttyS0: not a tty
Jan 25 14:41:15 vyos systemd[1]: serial-getty@ttyS0.service: Deactivated successfully.
Jan 25 14:41:16 vyos systemd[1]: serial-getty@ttyS0.service: Scheduled restart job, restart counter is at 16.
Jan 25 14:41:16 vyos systemd[1]: Stopped serial-getty@ttyS0.service - Serial Getty on ttyS0.
Jan 25 14:41:16 vyos systemd[1]: Started serial-getty@ttyS0.service - Serial Getty on ttyS0.
Jan 25 14:41:16 vyos agetty[2270]: /dev/ttyS0: not a tty
Jan 25 14:41:26 vyos systemd[1]: serial-getty@ttyS0.service: Deactivated successfully.
Jan 25 14:41:26 vyos systemd[1]: serial-getty@ttyS0.service: Scheduled restart job, restart counter is at 17.
Jan 25 14:41:26 vyos systemd[1]: Stopped serial-getty@ttyS0.service - Serial Getty on ttyS0.
Jan 25 14:41:26 vyos systemd[1]: Started serial-getty@ttyS0.service - Serial Getty on ttyS0.
Jan 25 14:41:26 vyos agetty[2273]: /dev/ttyS0: not a tty
Jan 25 14:41:36 vyos systemd[1]: serial-getty@ttyS0.service: Deactivated successfully.
Jan 25 14:41:36 vyos systemd[1]: serial-getty@ttyS0.service: Scheduled restart job, restart counter is at 18.
Jan 25 14:41:36 vyos systemd[1]: Stopped serial-getty@ttyS0.service - Serial Getty on ttyS0.
Jan 25 14:41:36 vyos systemd[1]: Started serial-getty@ttyS0.service - Serial Getty on ttyS0.
Jan 25 14:41:36 vyos agetty[2276]: /dev/ttyS0: not a tty
Jan 25 14:41:46 vyos systemd[1]: serial-getty@ttyS0.service: Deactivated successfully.
Jan 25 14:41:46 vyos systemd[1]: serial-getty@ttyS0.service: Scheduled restart job, restart counter is at 19.
Jan 25 14:41:46 vyos systemd[1]: Stopped serial-getty@ttyS0.service - Serial Getty on ttyS0.
Jan 25 14:41:46 vyos systemd[1]: Started serial-getty@ttyS0.service - Serial Getty on ttyS0.
Jan 25 14:41:46 vyos agetty[2279]: /dev/ttyS0: not a tty
Jan 25 14:41:56 vyos systemd[1]: serial-getty@ttyS0.service: Deactivated successfully.
Jan 25 14:41:57 vyos systemd[1]: serial-getty@ttyS0.service: Scheduled restart job, restart counter is at 20.
Jan 25 14:41:57 vyos systemd[1]: Stopped serial-getty@ttyS0.service - Serial Getty on ttyS0.
Jan 25 14:41:57 vyos systemd[1]: Started serial-getty@ttyS0.service - Serial Getty on ttyS0.
Jan 25 14:41:57 vyos agetty[2285]: /dev/ttyS0: not a tty
Jan 25 14:42:07 vyos systemd[1]: serial-getty@ttyS0.service: Deactivated successfully.
Jan 25 14:42:07 vyos systemd[1]: serial-getty@ttyS0.service: Scheduled restart job, restart counter is at 21.
Jan 25 14:42:07 vyos systemd[1]: Stopped serial-getty@ttyS0.service - Serial Getty on ttyS0.
Jan 25 14:42:07 vyos systemd[1]: Started serial-getty@ttyS0.service - Serial Getty on ttyS0.
Jan 25 14:42:07 vyos agetty[2288]: /dev/ttyS0: not a tty
Jan 25 14:42:17 vyos systemd[1]: serial-getty@ttyS0.service: Deactivated successfully.
Jan 25 14:42:17 vyos systemd[1]: serial-getty@ttyS0.service: Scheduled restart job, restart counter is at 22.
Jan 25 14:42:17 vyos systemd[1]: Stopped serial-getty@ttyS0.service - Serial Getty on ttyS0.
Jan 25 14:42:17 vyos systemd[1]: Started serial-getty@ttyS0.service - Serial Getty on ttyS0.
Jan 25 14:42:17 vyos agetty[2291]: /dev/ttyS0: not a tty
Jan 25 14:42:27 vyos systemd[1]: serial-getty@ttyS0.service: Deactivated successfully.
Jan 25 14:42:27 vyos systemd[1]: serial-getty@ttyS0.service: Scheduled restart job, restart counter is at 23.
Jan 25 14:42:27 vyos systemd[1]: Stopped serial-getty@ttyS0.service - Serial Getty on ttyS0.
Jan 25 14:42:27 vyos systemd[1]: Started serial-getty@ttyS0.service - Serial Getty on ttyS0.
Jan 25 14:42:27 vyos agetty[2294]: /dev/ttyS0: not a tty
Jan 25 14:42:37 vyos systemd[1]: serial-getty@ttyS0.service: Deactivated successfully.
Jan 25 14:42:38 vyos systemd[1]: serial-getty@ttyS0.service: Scheduled restart job, restart counter is at 24.
Jan 25 14:42:38 vyos systemd[1]: Stopped serial-getty@ttyS0.service - Serial Getty on ttyS0.
Jan 25 14:42:38 vyos systemd[1]: Started serial-getty@ttyS0.service - Serial Getty on ttyS0.
Jan 25 14:42:38 vyos agetty[2297]: /dev/ttyS0: not a tty
Jan 25 14:42:48 vyos systemd[1]: serial-getty@ttyS0.service: Deactivated successfully.
Jan 25 14:42:48 vyos systemd[1]: serial-getty@ttyS0.service: Scheduled restart job, restart counter is at 25.
Jan 25 14:42:48 vyos systemd[1]: Stopped serial-getty@ttyS0.service - Serial Getty on ttyS0.
Jan 25 14:42:48 vyos systemd[1]: Started serial-getty@ttyS0.service - Serial Getty on ttyS0.
Jan 25 14:42:48 vyos agetty[2300]: /dev/ttyS0: not a tty
Jan 25 14:42:58 vyos systemd[1]: serial-getty@ttyS0.service: Deactivated successfully.
Jan 25 14:42:58 vyos systemd[1]: serial-getty@ttyS0.service: Scheduled restart job, restart counter is at 26.
Jan 25 14:42:58 vyos systemd[1]: Stopped serial-getty@ttyS0.service - Serial Getty on ttyS0.
Jan 25 14:42:58 vyos systemd[1]: Started serial-getty@ttyS0.service - Serial Getty on ttyS0.
Jan 25 14:42:58 vyos agetty[2303]: /dev/ttyS0: not a tty
Jan 25 14:43:08 vyos systemd[1]: serial-getty@ttyS0.service: Deactivated successfully.
Jan 25 14:43:08 vyos systemd[1]: serial-getty@ttyS0.service: Scheduled restart job, restart counter is at 27.
Jan 25 14:43:08 vyos systemd[1]: Stopped serial-getty@ttyS0.service - Serial Getty on ttyS0.
Jan 25 14:43:08 vyos systemd[1]: Started serial-getty@ttyS0.service - Serial Getty on ttyS0.
Jan 25 14:43:08 vyos agetty[2307]: /dev/ttyS0: not a tty
Jan 25 14:43:18 vyos systemd[1]: serial-getty@ttyS0.service: Deactivated successfully.
Jan 25 14:43:19 vyos systemd[1]: serial-getty@ttyS0.service: Scheduled restart job, restart counter is at 28.
Jan 25 14:43:19 vyos systemd[1]: Stopped serial-getty@ttyS0.service - Serial Getty on ttyS0.
Jan 25 14:43:19 vyos systemd[1]: Started serial-getty@ttyS0.service - Serial Getty on ttyS0.
Jan 25 14:43:19 vyos agetty[2310]: /dev/ttyS0: not a tty
Jan 25 14:43:23 vyos dhclient[1771]: DHCPREQUEST for 10.0.0.2 on eth0 to 10.0.0.1 port 67
Jan 25 14:43:23 vyos dhclient[1771]: DHCPREQUEST for 10.0.0.2 on eth0 to 10.0.0.1 port 67
Jan 25 14:43:23 vyos dhclient[1771]: DHCPACK of 10.0.0.2 from 10.0.0.1
Jan 25 14:43:23 vyos dhclient[1771]: DHCPACK of 10.0.0.2 from 10.0.0.1
Jan 25 14:43:23 vyos dhclient-script-vyos[2311]: Current dhclient PID: 1771, Parent PID: 1, IP version: 4, All dhclients for interface eth0: 1771
Jan 25 14:43:23 vyos dhclient-script-vyos[2311]: Passing command to /usr/sbin/ip: "-4 addr change 10.0.0.2/255.0.0.0 broadcast 10.255.255.255 valid_lft 600 preferred_lft 600 dev eth0 label eth0"
Jan 25 14:43:23 vyos dhclient-script-vyos[2311]: No changes to apply via vyos-hostsd-client
Jan 25 14:43:23 vyos dhclient-script-vyos[2311]: No changes to apply via vyos-hostsd-client
Jan 25 14:43:23 vyos dhclient[1771]: bound to 10.0.0.2 -- renewal in 236 seconds.
